main.c:117:5:main	8	static
main.c:176:6:setCommunicationPins	8	static
main.c:208:6:readButtonCombLockState	16	static
main.c:229:6:readKeypadLockState	16	static
main.c:277:6:readRFIDLockState	16	static
main.c:304:6:makeSound2Beeb	16	static
main.c:325:6:makeSound1Beeb	16	static
main.c:340:6:SystemClock_Config	88	static
main.c:384:13:MX_I2C1_Init	8	static
main.c:418:13:MX_I2S3_Init	8	static
main.c:452:13:MX_SPI1_Init	8	static
main.c:480:13:MX_GPIO_Init	208	static
main.c:586:6:Error_Handler	4	static,ignoring_inline_asm
