rc522.c:41:9:SPI1SendByte	32	static
rc522.c:50:6:SPI1_WriteReg	16	static
rc522.c:57:9:SPI1_ReadReg	24	static
rc522.c:67:6:MFRC522_WriteRegister	16	static
rc522.c:72:9:MFRC522_ReadRegister	24	static
rc522.c:80:9:MFRC522_Check	24	static
rc522.c:88:9:MFRC522_Compare	24	static
rc522.c:96:6:MFRC522_SetBitMask	16	static
rc522.c:100:6:MFRC522_ClearBitMask	16	static
rc522.c:104:9:MFRC522_Request	32	static
rc522.c:115:9:MFRC522_ToCard	40	static
rc522.c:176:9:MFRC522_Anticoll	32	static
rc522.c:194:6:MFRC522_CalculateCRC	40	static
rc522.c:217:9:MFRC522_SelectTag	40	static
rc522.c:233:9:MFRC522_Auth	48	static
rc522.c:249:9:MFRC522_Read	32	static
rc522.c:261:9:MFRC522_Write	48	static
rc522.c:282:6:MFRC522_Init	8	static
rc522.c:294:6:MFRC522_Reset	8	static
rc522.c:298:6:MFRC522_AntennaOn	16	static
rc522.c:305:6:MFRC522_AntennaOff	8	static
rc522.c:309:6:MFRC522_Halt	24	static
