main.c:100:5:main	16	static
main.c:192:6:drawFirmTitleOnLCD	8	static
main.c:200:6:drawSecLevelsTitlesOnLCD	8	static
main.c:218:6:drawSecLevel1ValueOnLCD	8	static
main.c:238:6:drawSecLevel2ValueOnLCD	8	static
main.c:257:6:drawSecLevel3ValueOnLCD	8	static
main.c:262:6:drawCameraStateOnLCD	8	static
main.c:278:6:MX_GPIO_Init	40	static
main.c:313:6:SystemClock_Config	96	static
main.c:367:6:mainTask	40	static
main.c:412:6:StartDefaultTask	16	static
main.c:432:6:Error_Handler	4	static,ignoring_inline_asm
