main.c:104:5:main	16	static
main.c:198:6:drawFirmTitleOnLCD	8	static
main.c:206:6:drawSecLevelsTitlesOnLCD	8	static
main.c:224:6:drawSecLevel1ValueOnLCD	8	static
main.c:244:6:drawSecLevel2ValueOnLCD	8	static
main.c:263:6:drawSecLevel3ValueOnLCD	8	static
main.c:281:6:drawCameraStateOnLCD	8	static
main.c:297:6:drawMainLockedUnlocked	8	static
main.c:314:6:drawMainLockedLocked	8	static
main.c:322:6:MX_GPIO_Init	40	static
main.c:362:6:SystemClock_Config	96	static
main.c:416:6:mainTask	64	static
main.c:487:6:StartDefaultTask	16	static
main.c:507:6:Error_Handler	4	static,ignoring_inline_asm
