Archive member included to satisfy reference by file (symbol)

/Applications/STM32CubeIDE.app/Contents/Eclipse/plugins/com.st.stm32cube.ide.mcu.externaltools.gnu-tools-for-stm32.9-2020-q2-update.macos64_2.0.0.202105311346/tools/bin/../lib/gcc/arm-none-eabi/9.3.1/../../../../arm-none-eabi/lib/thumb/v7e-m+fp/hard/libc_nano.a(lib_a-errno.o)
                              ./Core/Src/syscalls.o (__errno)
/Applications/STM32CubeIDE.app/Contents/Eclipse/plugins/com.st.stm32cube.ide.mcu.externaltools.gnu-tools-for-stm32.9-2020-q2-update.macos64_2.0.0.202105311346/tools/bin/../lib/gcc/arm-none-eabi/9.3.1/../../../../arm-none-eabi/lib/thumb/v7e-m+fp/hard/libc_nano.a(lib_a-exit.o)
                              /Applications/STM32CubeIDE.app/Contents/Eclipse/plugins/com.st.stm32cube.ide.mcu.externaltools.gnu-tools-for-stm32.9-2020-q2-update.macos64_2.0.0.202105311346/tools/bin/../lib/gcc/arm-none-eabi/9.3.1/../../../../arm-none-eabi/lib/thumb/v7e-m+fp/hard/crt0.o (exit)
/Applications/STM32CubeIDE.app/Contents/Eclipse/plugins/com.st.stm32cube.ide.mcu.externaltools.gnu-tools-for-stm32.9-2020-q2-update.macos64_2.0.0.202105311346/tools/bin/../lib/gcc/arm-none-eabi/9.3.1/../../../../arm-none-eabi/lib/thumb/v7e-m+fp/hard/libc_nano.a(lib_a-impure.o)
                              /Applications/STM32CubeIDE.app/Contents/Eclipse/plugins/com.st.stm32cube.ide.mcu.externaltools.gnu-tools-for-stm32.9-2020-q2-update.macos64_2.0.0.202105311346/tools/bin/../lib/gcc/arm-none-eabi/9.3.1/../../../../arm-none-eabi/lib/thumb/v7e-m+fp/hard/libc_nano.a(lib_a-exit.o) (_global_impure_ptr)
/Applications/STM32CubeIDE.app/Contents/Eclipse/plugins/com.st.stm32cube.ide.mcu.externaltools.gnu-tools-for-stm32.9-2020-q2-update.macos64_2.0.0.202105311346/tools/bin/../lib/gcc/arm-none-eabi/9.3.1/../../../../arm-none-eabi/lib/thumb/v7e-m+fp/hard/libc_nano.a(lib_a-init.o)
                              /Applications/STM32CubeIDE.app/Contents/Eclipse/plugins/com.st.stm32cube.ide.mcu.externaltools.gnu-tools-for-stm32.9-2020-q2-update.macos64_2.0.0.202105311346/tools/bin/../lib/gcc/arm-none-eabi/9.3.1/../../../../arm-none-eabi/lib/thumb/v7e-m+fp/hard/crt0.o (__libc_init_array)
/Applications/STM32CubeIDE.app/Contents/Eclipse/plugins/com.st.stm32cube.ide.mcu.externaltools.gnu-tools-for-stm32.9-2020-q2-update.macos64_2.0.0.202105311346/tools/bin/../lib/gcc/arm-none-eabi/9.3.1/../../../../arm-none-eabi/lib/thumb/v7e-m+fp/hard/libc_nano.a(lib_a-malloc.o)
                              ./Middlewares/ST/STM32_USB_Host_Library/Class/CDC/Src/usbh_cdc.o (malloc)
/Applications/STM32CubeIDE.app/Contents/Eclipse/plugins/com.st.stm32cube.ide.mcu.externaltools.gnu-tools-for-stm32.9-2020-q2-update.macos64_2.0.0.202105311346/tools/bin/../lib/gcc/arm-none-eabi/9.3.1/../../../../arm-none-eabi/lib/thumb/v7e-m+fp/hard/libc_nano.a(lib_a-memset.o)
                              /Applications/STM32CubeIDE.app/Contents/Eclipse/plugins/com.st.stm32cube.ide.mcu.externaltools.gnu-tools-for-stm32.9-2020-q2-update.macos64_2.0.0.202105311346/tools/bin/../lib/gcc/arm-none-eabi/9.3.1/../../../../arm-none-eabi/lib/thumb/v7e-m+fp/hard/crt0.o (memset)
/Applications/STM32CubeIDE.app/Contents/Eclipse/plugins/com.st.stm32cube.ide.mcu.externaltools.gnu-tools-for-stm32.9-2020-q2-update.macos64_2.0.0.202105311346/tools/bin/../lib/gcc/arm-none-eabi/9.3.1/../../../../arm-none-eabi/lib/thumb/v7e-m+fp/hard/libc_nano.a(lib_a-nano-freer.o)
                              /Applications/STM32CubeIDE.app/Contents/Eclipse/plugins/com.st.stm32cube.ide.mcu.externaltools.gnu-tools-for-stm32.9-2020-q2-update.macos64_2.0.0.202105311346/tools/bin/../lib/gcc/arm-none-eabi/9.3.1/../../../../arm-none-eabi/lib/thumb/v7e-m+fp/hard/libc_nano.a(lib_a-malloc.o) (_free_r)
/Applications/STM32CubeIDE.app/Contents/Eclipse/plugins/com.st.stm32cube.ide.mcu.externaltools.gnu-tools-for-stm32.9-2020-q2-update.macos64_2.0.0.202105311346/tools/bin/../lib/gcc/arm-none-eabi/9.3.1/../../../../arm-none-eabi/lib/thumb/v7e-m+fp/hard/libc_nano.a(lib_a-nano-mallocr.o)
                              /Applications/STM32CubeIDE.app/Contents/Eclipse/plugins/com.st.stm32cube.ide.mcu.externaltools.gnu-tools-for-stm32.9-2020-q2-update.macos64_2.0.0.202105311346/tools/bin/../lib/gcc/arm-none-eabi/9.3.1/../../../../arm-none-eabi/lib/thumb/v7e-m+fp/hard/libc_nano.a(lib_a-malloc.o) (_malloc_r)
/Applications/STM32CubeIDE.app/Contents/Eclipse/plugins/com.st.stm32cube.ide.mcu.externaltools.gnu-tools-for-stm32.9-2020-q2-update.macos64_2.0.0.202105311346/tools/bin/../lib/gcc/arm-none-eabi/9.3.1/../../../../arm-none-eabi/lib/thumb/v7e-m+fp/hard/libc_nano.a(lib_a-sbrkr.o)
                              /Applications/STM32CubeIDE.app/Contents/Eclipse/plugins/com.st.stm32cube.ide.mcu.externaltools.gnu-tools-for-stm32.9-2020-q2-update.macos64_2.0.0.202105311346/tools/bin/../lib/gcc/arm-none-eabi/9.3.1/../../../../arm-none-eabi/lib/thumb/v7e-m+fp/hard/libc_nano.a(lib_a-nano-mallocr.o) (_sbrk_r)
[...]
Memory Configuration

Name             Origin             Length             Attributes
CCMRAM           0x0000000010000000 0x0000000000010000 xrw
RAM              0x0000000020000000 0x0000000000020000 xrw
FLASH            0x0000000008000000 0x0000000000100000 xr
*default*        0x0000000000000000 0xffffffffffffffff

Linker script and memory map

LOAD /Applications/STM32CubeIDE.app/Contents/Eclipse/plugins/com.st.stm32cube.ide.mcu.externaltools.gnu-tools-for-stm32.9-2020-q2-update.macos64_2.0.0.202105311346/tools/bin/../lib/gcc/arm-none-eabi/9.3.1/thumb/v7e-m+fp/hard/crti.o
LOAD /Applications/STM32CubeIDE.app/Contents/Eclipse/plugins/com.st.stm32cube.ide.mcu.externaltools.gnu-tools-for-stm32.9-2020-q2-update.macos64_2.0.0.202105311346/tools/bin/../lib/gcc/arm-none-eabi/9.3.1/thumb/v7e-m+fp/hard/crtbegin.o
LOAD /Applications/STM32CubeIDE.app/Contents/Eclipse/plugins/com.st.stm32cube.ide.mcu.externaltools.gnu-tools-for-stm32.9-2020-q2-update.macos64_2.0.0.202105311346/tools/bin/../lib/gcc/arm-none-eabi/9.3.1/../../../../arm-none-eabi/lib/thumb/v7e-m+fp/hard/crt0.o
LOAD ./Core/Src/buttons_comb.o
LOAD ./Core/Src/keypad.o
LOAD ./Core/Src/ledbar.o
LOAD ./Core/Src/main.o
LOAD ./Core/Src/rc522.o
LOAD ./Core/Src/stm32f4xx_hal_msp.o
LOAD ./Core/Src/stm32f4xx_it.o
LOAD ./Core/Src/syscalls.o
LOAD ./Core/Src/sysmem.o
LOAD ./Core/Src/system_stm32f4xx.o
LOAD ./Core/Startup/startup_stm32f407vgtx.o
LOAD ./Drivers/STM32F4xx_HAL_Driver/Src/stm32f4xx_hal.o
LOAD ./Drivers/STM32F4xx_HAL_Driver/Src/stm32f4xx_hal_cortex.o
LOAD ./Drivers/STM32F4xx_HAL_Driver/Src/stm32f4xx_hal_dma.o
LOAD ./Drivers/STM32F4xx_HAL_Driver/Src/stm32f4xx_hal_dma_ex.o
LOAD ./Drivers/STM32F4xx_HAL_Driver/Src/stm32f4xx_hal_exti.o
LOAD ./Drivers/STM32F4xx_HAL_Driver/Src/stm32f4xx_hal_flash.o
LOAD ./Drivers/STM32F4xx_HAL_Driver/Src/stm32f4xx_hal_flash_ex.o
LOAD ./Drivers/STM32F4xx_HAL_Driver/Src/stm32f4xx_hal_flash_ramfunc.o
LOAD ./Drivers/STM32F4xx_HAL_Driver/Src/stm32f4xx_hal_gpio.o
LOAD ./Drivers/STM32F4xx_HAL_Driver/Src/stm32f4xx_hal_hcd.o
LOAD ./Drivers/STM32F4xx_HAL_Driver/Src/stm32f4xx_hal_i2c.o
LOAD ./Drivers/STM32F4xx_HAL_Driver/Src/stm32f4xx_hal_i2c_ex.o
LOAD ./Drivers/STM32F4xx_HAL_Driver/Src/stm32f4xx_hal_i2s.o
LOAD ./Drivers/STM32F4xx_HAL_Driver/Src/stm32f4xx_hal_i2s_ex.o
LOAD ./Drivers/STM32F4xx_HAL_Driver/Src/stm32f4xx_hal_pwr.o
LOAD ./Drivers/STM32F4xx_HAL_Driver/Src/stm32f4xx_hal_pwr_ex.o
LOAD ./Drivers/STM32F4xx_HAL_Driver/Src/stm32f4xx_hal_rcc.o
LOAD ./Drivers/STM32F4xx_HAL_Driver/Src/stm32f4xx_hal_rcc_ex.o
LOAD ./Drivers/STM32F4xx_HAL_Driver/Src/stm32f4xx_hal_spi.o
LOAD ./Drivers/STM32F4xx_HAL_Driver/Src/stm32f4xx_hal_tim.o
LOAD ./Drivers/STM32F4xx_HAL_Driver/Src/stm32f4xx_hal_tim_ex.o
LOAD ./Drivers/STM32F4xx_HAL_Driver/Src/stm32f4xx_ll_usb.o
LOAD ./Middlewares/ST/STM32_USB_Host_Library/Class/CDC/Src/usbh_cdc.o
LOAD ./Middlewares/ST/STM32_USB_Host_Library/Core/Src/usbh_core.o
LOAD ./Middlewares/ST/STM32_USB_Host_Library/Core/Src/usbh_ctlreq.o
LOAD ./Middlewares/ST/STM32_USB_Host_Library/Core/Src/usbh_ioreq.o
LOAD ./Middlewares/ST/STM32_USB_Host_Library/Core/Src/usbh_pipes.o
LOAD ./USB_HOST/App/usb_host.o
LOAD ./USB_HOST/Target/usbh_conf.o
LOAD ./USB_HOST/Target/usbh_platform.o
START GROUP
LOAD /Applications/STM32CubeIDE.app/Contents/Eclipse/plugins/com.st.stm32cube.ide.mcu.externaltools.gnu-tools-for-stm32.9-2020-q2-update.macos64_2.0.0.202105311346/tools/bin/../lib/gcc/arm-none-eabi/9.3.1/../../../../arm-none-eabi/lib/thumb/v7e-m+fp/hard/libc_nano.a
LOAD /Applications/STM32CubeIDE.app/Contents/Eclipse/plugins/com.st.stm32cube.ide.mcu.externaltools.gnu-tools-for-stm32.9-2020-q2-update.macos64_2.0.0.202105311346/tools/bin/../lib/gcc/arm-none-eabi/9.3.1/../../../../arm-none-eabi/lib/thumb/v7e-m+fp/hard/libm.a
END GROUP
START GROUP
LOAD /Applications/STM32CubeIDE.app/Contents/Eclipse/plugins/com.st.stm32cube.ide.mcu.externaltools.gnu-tools-for-stm32.9-2020-q2-update.macos64_2.0.0.202105311346/tools/bin/../lib/gcc/arm-none-eabi/9.3.1/thumb/v7e-m+fp/hard/libgcc.a
LOAD /Applications/STM32CubeIDE.app/Contents/Eclipse/plugins/com.st.stm32cube.ide.mcu.externaltools.gnu-tools-for-stm32.9-2020-q2-update.macos64_2.0.0.202105311346/tools/bin/../lib/gcc/arm-none-eabi/9.3.1/../../../../arm-none-eabi/lib/thumb/v7e-m+fp/hard/libc_nano.a
END GROUP
START GROUP
LOAD /Applications/STM32CubeIDE.app/Contents/Eclipse/plugins/com.st.stm32cube.ide.mcu.externaltools.gnu-tools-for-stm32.9-2020-q2-update.macos64_2.0.0.202105311346/tools/bin/../lib/gcc/arm-none-eabi/9.3.1/thumb/v7e-m+fp/hard/libgcc.a
LOAD /Applications/STM32CubeIDE.app/Contents/Eclipse/plugins/com.st.stm32cube.ide.mcu.externaltools.gnu-tools-for-stm32.9-2020-q2-update.macos64_2.0.0.202105311346/tools/bin/../lib/gcc/arm-none-eabi/9.3.1/../../../../arm-none-eabi/lib/thumb/v7e-m+fp/hard/libc_nano.a
LOAD /Applications/STM32CubeIDE.app/Contents/Eclipse/plugins/com.st.stm32cube.ide.mcu.externaltools.gnu-tools-for-stm32.9-2020-q2-update.macos64_2.0.0.202105311346/tools/bin/../lib/gcc/arm-none-eabi/9.3.1/../../../../arm-none-eabi/lib/thumb/v7e-m+fp/hard/libnosys.a
END GROUP
START GROUP
LOAD /Applications/STM32CubeIDE.app/Contents/Eclipse/plugins/com.st.stm32cube.ide.mcu.externaltools.gnu-tools-for-stm32.9-2020-q2-update.macos64_2.0.0.202105311346/tools/bin/../lib/gcc/arm-none-eabi/9.3.1/thumb/v7e-m+fp/hard/libgcc.a
LOAD /Applications/STM32CubeIDE.app/Contents/Eclipse/plugins/com.st.stm32cube.ide.mcu.externaltools.gnu-tools-for-stm32.9-2020-q2-update.macos64_2.0.0.202105311346/tools/bin/../lib/gcc/arm-none-eabi/9.3.1/../../../../arm-none-eabi/lib/thumb/v7e-m+fp/hard/libc_nano.a
LOAD /Applications/STM32CubeIDE.app/Contents/Eclipse/plugins/com.st.stm32cube.ide.mcu.externaltools.gnu-tools-for-stm32.9-2020-q2-update.macos64_2.0.0.202105311346/tools/bin/../lib/gcc/arm-none-eabi/9.3.1/../../../../arm-none-eabi/lib/thumb/v7e-m+fp/hard/libnosys.a
END GROUP
LOAD /Applications/STM32CubeIDE.app/Contents/Eclipse/plugins/com.st.stm32cube.ide.mcu.externaltools.gnu-tools-for-stm32.9-2020-q2-update.macos64_2.0.0.202105311346/tools/bin/../lib/gcc/arm-none-eabi/9.3.1/thumb/v7e-m+fp/hard/crtend.o
LOAD /Applications/STM32CubeIDE.app/Contents/Eclipse/plugins/com.st.stm32cube.ide.mcu.externaltools.gnu-tools-for-stm32.9-2020-q2-update.macos64_2.0.0.202105311346/tools/bin/../lib/gcc/arm-none-eabi/9.3.1/thumb/v7e-m+fp/hard/crtn.o
                0x0000000020020000                _estack = (ORIGIN (RAM) + LENGTH (RAM))
                0x0000000000000200                _Min_Heap_Size = 0x200
                0x0000000000000400                _Min_Stack_Size = 0x400

.isr_vector     0x0000000008000000      0x188
                0x0000000008000000                . = ALIGN (0x4)
 *(.isr_vector)
 .isr_vector    0x0000000008000000      0x188 ./Core/Startup/startup_stm32f407vgtx.o
                0x0000000008000000                g_pfnVectors
                0x0000000008000188                . = ALIGN (0x4)

.text           0x0000000008000188     0x4b48
                0x0000000008000188                . = ALIGN (0x4)
 *(.text)
 .text          0x0000000008000188       0x40 /Applications/STM32CubeIDE.app/Contents/Eclipse/plugins/com.st.stm32cube.ide.mcu.externaltools.gnu-tools-for-stm32.9-2020-q2-update.macos64_2.0.0.202105311346/tools/bin/../lib/gcc/arm-none-eabi/9.3.1/thumb/v7e-m+fp/hard/crtbegin.o
 .text          0x00000000080001c8       0x14 /Applications/STM32CubeIDE.app/Contents/Eclipse/plugins/com.st.stm32cube.ide.mcu.externaltools.gnu-tools-for-stm32.9-2020-q2-update.macos64_2.0.0.202105311346/tools/bin/../lib/gcc/arm-none-eabi/9.3.1/../../../../arm-none-eabi/lib/thumb/v7e-m+fp/hard/libc_nano.a(lib_a-strcmp.o)
                0x00000000080001c8                strcmp
 .text          0x00000000080001dc       0x10 /Applications/STM32CubeIDE.app/Contents/Eclipse/plugins/com.st.stm32cube.ide.mcu.externaltools.gnu-tools-for-stm32.9-2020-q2-update.macos64_2.0.0.202105311346/tools/bin/../lib/gcc/arm-none-eabi/9.3.1/../../../../arm-none-eabi/lib/thumb/v7e-m+fp/hard/libc_nano.a(lib_a-strlen.o)
                0x00000000080001dc                strlen
 .text          0x00000000080001ec       0x30 /Applications/STM32CubeIDE.app/Contents/Eclipse/plugins/com.st.stm32cube.ide.mcu.externaltools.gnu-tools-for-stm32.9-2020-q2-update.macos64_2.0.0.202105311346/tools/bin/../lib/gcc/arm-none-eabi/9.3.1/thumb/v7e-m+fp/hard/libgcc.a(_aeabi_uldivmod.o)
                0x00000000080001ec                __aeabi_uldivmod
 .text          0x000000000800021c      0x2c4 /Applications/STM32CubeIDE.app/Contents/Eclipse/plugins/com.st.stm32cube.ide.mcu.externaltools.gnu-tools-for-stm32.9-2020-q2-update.macos64_2.0.0.202105311346/tools/bin/../lib/gcc/arm-none-eabi/9.3.1/thumb/v7e-m+fp/hard/libgcc.a(_udivmoddi4.o)
                0x000000000800021c                __udivmoddi4
 .text          0x00000000080004e0        0x4 /Applications/STM32CubeIDE.app/Contents/Eclipse/plugins/com.st.stm32cube.ide.mcu.externaltools.gnu-tools-for-stm32.9-2020-q2-update.macos64_2.0.0.202105311346/tools/bin/../lib/gcc/arm-none-eabi/9.3.1/thumb/v7e-m+fp/hard/libgcc.a(_dvmd_tls.o)
                0x00000000080004e0                __aeabi_ldiv0
                0x00000000080004e0                __aeabi_idiv0
 *(.text*)
 .text.updateButtonsCombState
                0x00000000080004e4      0x1a8 ./Core/Src/buttons_comb.o
                0x00000000080004e4                updateButtonsCombState
 .text.toogleBBState
                0x000000000800068c       0x24 ./Core/Src/buttons_comb.o
                0x000000000800068c                toogleBBState
 .text.readKeypad
                0x00000000080006b0      0x2e0 ./Core/Src/keypad.o
                0x00000000080006b0                readKeypad
 .text.setLedbar
                0x0000000008000990      0x11c ./Core/Src/ledbar.o
                0x0000000008000990                setLedbar
 .text.setLedbarTo
                0x0000000008000aac       0x50 ./Core/Src/ledbar.o
                0x0000000008000aac                setLedbarTo
 .text.main     0x0000000008000afc       0x60 ./Core/Src/main.o
                0x0000000008000afc                main
 .text.setCommunicationPins
                0x0000000008000b5c       0xe8 ./Core/Src/main.o
                0x0000000008000b5c                setCommunicationPins
 .text.readButtonCombLockState
                0x0000000008000c44       0x6c ./Core/Src/main.o
                0x0000000008000c44                readButtonCombLockState
 .text.readKeypadLockState
                0x0000000008000cb0      0x11c ./Core/Src/main.o
                0x0000000008000cb0                readKeypadLockState
 .text.readRFIDLockState
                0x0000000008000dcc       0xd0 ./Core/Src/main.o
                0x0000000008000dcc                readRFIDLockState
 .text.makeSound2Beeb
                0x0000000008000e9c       0x88 ./Core/Src/main.o
                0x0000000008000e9c                makeSound2Beeb
 .text.makeSound1Beeb
                0x0000000008000f24       0x4c ./Core/Src/main.o
                0x0000000008000f24                makeSound1Beeb
 .text.SystemClock_Config
                0x0000000008000f70       0xd4 ./Core/Src/main.o
                0x0000000008000f70                SystemClock_Config
 .text.MX_SPI1_Init
                0x0000000008001044       0x6c ./Core/Src/main.o
 .text.MX_GPIO_Init
                0x00000000080010b0      0x1ec ./Core/Src/main.o
 .text.Error_Handler
                0x000000000800129c        0xa ./Core/Src/main.o
                0x000000000800129c                Error_Handler
 *fill*         0x00000000080012a6        0x2 
 .text.SPI1SendByte
                0x00000000080012a8       0x30 ./Core/Src/rc522.o
                0x00000000080012a8                SPI1SendByte
 .text.SPI1_WriteReg
                0x00000000080012d8       0x40 ./Core/Src/rc522.o
                0x00000000080012d8                SPI1_WriteReg
 .text.SPI1_ReadReg
                0x0000000008001318       0x40 ./Core/Src/rc522.o
                0x0000000008001318                SPI1_ReadReg
 .text.MFRC522_WriteRegister
                0x0000000008001358       0x30 ./Core/Src/rc522.o
                0x0000000008001358                MFRC522_WriteRegister
 .text.MFRC522_ReadRegister
                0x0000000008001388       0x34 ./Core/Src/rc522.o
                0x0000000008001388                MFRC522_ReadRegister
 .text.MFRC522_Check
                0x00000000080013bc       0x32 ./Core/Src/rc522.o
                0x00000000080013bc                MFRC522_Check
 .text.MFRC522_Compare
                0x00000000080013ee       0x42 ./Core/Src/rc522.o
                0x00000000080013ee                MFRC522_Compare
 .text.MFRC522_SetBitMask
                0x0000000008001430       0x34 ./Core/Src/rc522.o
                0x0000000008001430                MFRC522_SetBitMask
 .text.MFRC522_ClearBitMask
                0x0000000008001464       0x3c ./Core/Src/rc522.o
                0x0000000008001464                MFRC522_ClearBitMask
 .text.MFRC522_Request
                0x00000000080014a0       0x4a ./Core/Src/rc522.o
                0x00000000080014a0                MFRC522_Request
 .text.MFRC522_ToCard
                0x00000000080014ea      0x19e ./Core/Src/rc522.o
                0x00000000080014ea                MFRC522_ToCard
 .text.MFRC522_Anticoll
                0x0000000008001688       0x7a ./Core/Src/rc522.o
                0x0000000008001688                MFRC522_Anticoll
 .text.MFRC522_CalculateCRC
                0x0000000008001702       0x92 ./Core/Src/rc522.o
                0x0000000008001702                MFRC522_CalculateCRC
 .text.MFRC522_Init
                0x0000000008001794       0x48 ./Core/Src/rc522.o
                0x0000000008001794                MFRC522_Init
 .text.MFRC522_Reset
                0x00000000080017dc       0x10 ./Core/Src/rc522.o
                0x00000000080017dc                MFRC522_Reset
 .text.MFRC522_AntennaOn
                0x00000000080017ec       0x2a ./Core/Src/rc522.o
                0x00000000080017ec                MFRC522_AntennaOn
 .text.MFRC522_Halt
                0x0000000008001816       0x36 ./Core/Src/rc522.o
                0x0000000008001816                MFRC522_Halt
 .text.HAL_MspInit
                0x000000000800184c       0x50 ./Core/Src/stm32f4xx_hal_msp.o
                0x000000000800184c                HAL_MspInit
 .text.HAL_SPI_MspInit
                0x000000000800189c       0x90 ./Core/Src/stm32f4xx_hal_msp.o
                0x000000000800189c                HAL_SPI_MspInit
 .text.NMI_Handler
                0x000000000800192c        0x6 ./Core/Src/stm32f4xx_it.o
                0x000000000800192c                NMI_Handler
 .text.HardFault_Handler
                0x0000000008001932        0x6 ./Core/Src/stm32f4xx_it.o
                0x0000000008001932                HardFault_Handler
 .text.MemManage_Handler
                0x0000000008001938        0x6 ./Core/Src/stm32f4xx_it.o
                0x0000000008001938                MemManage_Handler
 .text.BusFault_Handler
                0x000000000800193e        0x6 ./Core/Src/stm32f4xx_it.o
                0x000000000800193e                BusFault_Handler
 .text.UsageFault_Handler
                0x0000000008001944        0x6 ./Core/Src/stm32f4xx_it.o
                0x0000000008001944                UsageFault_Handler
 .text.SVC_Handler
                0x000000000800194a        0xe ./Core/Src/stm32f4xx_it.o
                0x000000000800194a                SVC_Handler
 .text.DebugMon_Handler
                0x0000000008001958        0xe ./Core/Src/stm32f4xx_it.o
                0x0000000008001958                DebugMon_Handler
 .text.PendSV_Handler
                0x0000000008001966        0xe ./Core/Src/stm32f4xx_it.o
                0x0000000008001966                PendSV_Handler
 .text.SysTick_Handler
                0x0000000008001974        0xc ./Core/Src/stm32f4xx_it.o
                0x0000000008001974                SysTick_Handler
 .text.OTG_FS_IRQHandler
                0x0000000008001980       0x14 ./Core/Src/stm32f4xx_it.o
                0x0000000008001980                OTG_FS_IRQHandler
 .text.SystemInit
                0x0000000008001994       0x24 ./Core/Src/system_stm32f4xx.o
                0x0000000008001994                SystemInit
 .text.Reset_Handler
                0x00000000080019b8       0x50 ./Core/Startup/startup_stm32f407vgtx.o
                0x00000000080019b8                Reset_Handler
 .text.Default_Handler
                0x0000000008001a08        0x2 ./Core/Startup/startup_stm32f407vgtx.o
                0x0000000008001a08                DMA1_Stream3_IRQHandler
                0x0000000008001a08                HASH_RNG_IRQHandler
                0x0000000008001a08                EXTI2_IRQHandler
                0x0000000008001a08                TIM8_CC_IRQHandler
                0x0000000008001a08                TIM1_CC_IRQHandler
                0x0000000008001a08                DMA2_Stream5_IRQHandler
                0x0000000008001a08                DMA1_Stream5_IRQHandler
                0x0000000008001a08                PVD_IRQHandler
                0x0000000008001a08                SDIO_IRQHandler
                0x0000000008001a08                TAMP_STAMP_IRQHandler
                0x0000000008001a08                CAN2_RX1_IRQHandler
                0x0000000008001a08                EXTI3_IRQHandler
                0x0000000008001a08                TIM8_TRG_COM_TIM14_IRQHandler
                0x0000000008001a08                TIM1_UP_TIM10_IRQHandler
                0x0000000008001a08                TIM8_UP_TIM13_IRQHandler
                0x0000000008001a08                I2C3_ER_IRQHandler
                0x0000000008001a08                EXTI0_IRQHandler
                0x0000000008001a08                I2C2_EV_IRQHandler
                0x0000000008001a08                DMA1_Stream2_IRQHandler
                0x0000000008001a08                CAN1_RX0_IRQHandler
                0x0000000008001a08                FPU_IRQHandler
                0x0000000008001a08                OTG_HS_WKUP_IRQHandler
                0x0000000008001a08                CAN2_SCE_IRQHandler
                0x0000000008001a08                DMA2_Stream2_IRQHandler
                0x0000000008001a08                SPI1_IRQHandler
                0x0000000008001a08                TIM6_DAC_IRQHandler
                0x0000000008001a08                TIM1_BRK_TIM9_IRQHandler
                0x0000000008001a08                DCMI_IRQHandler
                0x0000000008001a08                CAN2_RX0_IRQHandler
                0x0000000008001a08                DMA2_Stream3_IRQHandler
                0x0000000008001a08                USART6_IRQHandler
                0x0000000008001a08                USART3_IRQHandler
                0x0000000008001a08                CAN1_RX1_IRQHandler
                0x0000000008001a08                UART5_IRQHandler
                0x0000000008001a08                DMA2_Stream0_IRQHandler
                0x0000000008001a08                TIM4_IRQHandler
                0x0000000008001a08                I2C1_EV_IRQHandler
                0x0000000008001a08                DMA1_Stream6_IRQHandler
                0x0000000008001a08                DMA1_Stream1_IRQHandler
                0x0000000008001a08                UART4_IRQHandler
                0x0000000008001a08                TIM3_IRQHandler
                0x0000000008001a08                RCC_IRQHandler
                0x0000000008001a08                TIM8_BRK_TIM12_IRQHandler
                0x0000000008001a08                Default_Handler
                0x0000000008001a08                EXTI15_10_IRQHandler
                0x0000000008001a08                ADC_IRQHandler
                0x0000000008001a08                DMA1_Stream7_IRQHandler
                0x0000000008001a08                TIM7_IRQHandler
                0x0000000008001a08                CAN2_TX_IRQHandler
                0x0000000008001a08                TIM5_IRQHandler
                0x0000000008001a08                DMA2_Stream7_IRQHandler
                0x0000000008001a08                I2C3_EV_IRQHandler
                0x0000000008001a08                EXTI9_5_IRQHandler
                0x0000000008001a08                RTC_WKUP_IRQHandler
                0x0000000008001a08                ETH_WKUP_IRQHandler
                0x0000000008001a08                SPI2_IRQHandler
                0x0000000008001a08                OTG_HS_EP1_IN_IRQHandler
                0x0000000008001a08                DMA1_Stream0_IRQHandler
                0x0000000008001a08                CAN1_TX_IRQHandler
                0x0000000008001a08                EXTI4_IRQHandler
                0x0000000008001a08                FSMC_IRQHandler
                0x0000000008001a08                ETH_IRQHandler
                0x0000000008001a08                OTG_HS_EP1_OUT_IRQHandler
                0x0000000008001a08                WWDG_IRQHandler
                0x0000000008001a08                TIM2_IRQHandler
                0x0000000008001a08                OTG_FS_WKUP_IRQHandler
                0x0000000008001a08                TIM1_TRG_COM_TIM11_IRQHandler
                0x0000000008001a08                OTG_HS_IRQHandler
                0x0000000008001a08                EXTI1_IRQHandler
                0x0000000008001a08                USART2_IRQHandler
                0x0000000008001a08                I2C2_ER_IRQHandler
                0x0000000008001a08                DMA2_Stream1_IRQHandler
                0x0000000008001a08                CAN1_SCE_IRQHandler
                0x0000000008001a08                FLASH_IRQHandler
                0x0000000008001a08                DMA2_Stream4_IRQHandler
                0x0000000008001a08                USART1_IRQHandler
                0x0000000008001a08                SPI3_IRQHandler
                0x0000000008001a08                DMA1_Stream4_IRQHandler
                0x0000000008001a08                I2C1_ER_IRQHandler
                0x0000000008001a08                DMA2_Stream6_IRQHandler
                0x0000000008001a08                RTC_Alarm_IRQHandler
 *fill*         0x0000000008001a0a        0x2 
 .text.HAL_Init
                0x0000000008001a0c       0x44 ./Drivers/STM32F4xx_HAL_Driver/Src/stm32f4xx_hal.o
                0x0000000008001a0c                HAL_Init
 .text.HAL_InitTick
                0x0000000008001a50       0x60 ./Drivers/STM32F4xx_HAL_Driver/Src/stm32f4xx_hal.o
                0x0000000008001a50                HAL_InitTick
 .text.HAL_IncTick
                0x0000000008001ab0       0x28 ./Drivers/STM32F4xx_HAL_Driver/Src/stm32f4xx_hal.o
                0x0000000008001ab0                HAL_IncTick
 .text.HAL_GetTick
                0x0000000008001ad8       0x18 ./Drivers/STM32F4xx_HAL_Driver/Src/stm32f4xx_hal.o
                0x0000000008001ad8                HAL_GetTick
 .text.HAL_Delay
                0x0000000008001af0       0x48 ./Drivers/STM32F4xx_HAL_Driver/Src/stm32f4xx_hal.o
                0x0000000008001af0                HAL_Delay
 .text.__NVIC_SetPriorityGrouping
                0x0000000008001b38       0x48 ./Drivers/STM32F4xx_HAL_Driver/Src/stm32f4xx_hal_cortex.o
 .text.__NVIC_GetPriorityGrouping
                0x0000000008001b80       0x1c ./Drivers/STM32F4xx_HAL_Driver/Src/stm32f4xx_hal_cortex.o
 .text.__NVIC_SetPriority
                0x0000000008001b9c       0x54 ./Drivers/STM32F4xx_HAL_Driver/Src/stm32f4xx_hal_cortex.o
 .text.NVIC_EncodePriority
                0x0000000008001bf0       0x66 ./Drivers/STM32F4xx_HAL_Driver/Src/stm32f4xx_hal_cortex.o
 *fill*         0x0000000008001c56        0x2 
 .text.SysTick_Config
                0x0000000008001c58       0x44 ./Drivers/STM32F4xx_HAL_Driver/Src/stm32f4xx_hal_cortex.o
 .text.HAL_NVIC_SetPriorityGrouping
                0x0000000008001c9c       0x16 ./Drivers/STM32F4xx_HAL_Driver/Src/stm32f4xx_hal_cortex.o
                0x0000000008001c9c                HAL_NVIC_SetPriorityGrouping
 .text.HAL_NVIC_SetPriority
                0x0000000008001cb2       0x38 ./Drivers/STM32F4xx_HAL_Driver/Src/stm32f4xx_hal_cortex.o
                0x0000000008001cb2                HAL_NVIC_SetPriority
 .text.HAL_SYSTICK_Config
                0x0000000008001cea       0x18 ./Drivers/STM32F4xx_HAL_Driver/Src/stm32f4xx_hal_cortex.o
                0x0000000008001cea                HAL_SYSTICK_Config
 *fill*         0x0000000008001d02        0x2 
 .text.HAL_GPIO_Init
                0x0000000008001d04      0x338 ./Drivers/STM32F4xx_HAL_Driver/Src/stm32f4xx_hal_gpio.o
                0x0000000008001d04                HAL_GPIO_Init
 .text.HAL_GPIO_ReadPin
                0x000000000800203c       0x30 ./Drivers/STM32F4xx_HAL_Driver/Src/stm32f4xx_hal_gpio.o
                0x000000000800203c                HAL_GPIO_ReadPin
 .text.HAL_GPIO_WritePin
                0x000000000800206c       0x32 ./Drivers/STM32F4xx_HAL_Driver/Src/stm32f4xx_hal_gpio.o
                0x000000000800206c                HAL_GPIO_WritePin
 .text.HAL_HCD_IRQHandler
                0x000000000800209e      0x216 ./Drivers/STM32F4xx_HAL_Driver/Src/stm32f4xx_hal_hcd.o
                0x000000000800209e                HAL_HCD_IRQHandler
 .text.HAL_HCD_Stop
                0x00000000080022b4       0x3a ./Drivers/STM32F4xx_HAL_Driver/Src/stm32f4xx_hal_hcd.o
                0x00000000080022b4                HAL_HCD_Stop
 .text.HCD_HC_IN_IRQHandler
                0x00000000080022ee      0x844 ./Drivers/STM32F4xx_HAL_Driver/Src/stm32f4xx_hal_hcd.o
 .text.HCD_HC_OUT_IRQHandler
                0x0000000008002b32      0x802 ./Drivers/STM32F4xx_HAL_Driver/Src/stm32f4xx_hal_hcd.o
 .text.HCD_RXQLVL_IRQHandler
                0x0000000008003334      0x1a4 ./Drivers/STM32F4xx_HAL_Driver/Src/stm32f4xx_hal_hcd.o
 .text.HCD_Port_IRQHandler
                0x00000000080034d8       0xe6 ./Drivers/STM32F4xx_HAL_Driver/Src/stm32f4xx_hal_hcd.o
 *fill*         0x00000000080035be        0x2 
 .text.HAL_RCC_OscConfig
                0x00000000080035c0      0x4f0 ./Drivers/STM32F4xx_HAL_Driver/Src/stm32f4xx_hal_rcc.o
                0x00000000080035c0                HAL_RCC_OscConfig
 .text.HAL_RCC_ClockConfig
                0x0000000008003ab0      0x1cc ./Drivers/STM32F4xx_HAL_Driver/Src/stm32f4xx_hal_rcc.o
                0x0000000008003ab0                HAL_RCC_ClockConfig
 .text.HAL_RCC_GetSysClockFreq
                0x0000000008003c7c      0x1c4 ./Drivers/STM32F4xx_HAL_Driver/Src/stm32f4xx_hal_rcc.o
                0x0000000008003c7c                HAL_RCC_GetSysClockFreq
 .text.HAL_SPI_Init
                0x0000000008003e40      0x112 ./Drivers/STM32F4xx_HAL_Driver/Src/stm32f4xx_hal_spi.o
                0x0000000008003e40                HAL_SPI_Init
 .text.HAL_SPI_TransmitReceive
                0x0000000008003f52      0x344 ./Drivers/STM32F4xx_HAL_Driver/Src/stm32f4xx_hal_spi.o
                0x0000000008003f52                HAL_SPI_TransmitReceive
 *fill*         0x0000000008004296        0x2 
 .text.SPI_WaitFlagStateUntilTimeout
                0x0000000008004298      0x110 ./Drivers/STM32F4xx_HAL_Driver/Src/stm32f4xx_hal_spi.o
 .text.SPI_EndRxTxTransaction
                0x00000000080043a8       0x84 ./Drivers/STM32F4xx_HAL_Driver/Src/stm32f4xx_hal_spi.o
 .text.USB_EnableGlobalInt
                0x000000000800442c       0x22 ./Drivers/STM32F4xx_HAL_Driver/Src/stm32f4xx_ll_usb.o
                0x000000000800442c                USB_EnableGlobalInt
 .text.USB_DisableGlobalInt
                0x000000000800444e       0x22 ./Drivers/STM32F4xx_HAL_Driver/Src/stm32f4xx_ll_usb.o
                0x000000000800444e                USB_DisableGlobalInt
 .text.USB_FlushTxFifo
                0x0000000008004470       0x48 ./Drivers/STM32F4xx_HAL_Driver/Src/stm32f4xx_ll_usb.o
                0x0000000008004470                USB_FlushTxFifo
 .text.USB_FlushRxFifo
                0x00000000080044b8       0x40 ./Drivers/STM32F4xx_HAL_Driver/Src/stm32f4xx_ll_usb.o
                0x00000000080044b8                USB_FlushRxFifo
 .text.USB_ReadPacket
                0x00000000080044f8       0xb0 ./Drivers/STM32F4xx_HAL_Driver/Src/stm32f4xx_ll_usb.o
                0x00000000080044f8                USB_ReadPacket
 .text.USB_ReadInterrupts
                0x00000000080045a8       0x26 ./Drivers/STM32F4xx_HAL_Driver/Src/stm32f4xx_ll_usb.o
                0x00000000080045a8                USB_ReadInterrupts
 .text.USB_GetMode
                0x00000000080045ce       0x1c ./Drivers/STM32F4xx_HAL_Driver/Src/stm32f4xx_ll_usb.o
                0x00000000080045ce                USB_GetMode
 .text.USB_InitFSLSPClkSel
                0x00000000080045ea       0x74 ./Drivers/STM32F4xx_HAL_Driver/Src/stm32f4xx_ll_usb.o
                0x00000000080045ea                USB_InitFSLSPClkSel
 .text.USB_HC_ReadInterrupt
                0x000000000800465e       0x22 ./Drivers/STM32F4xx_HAL_Driver/Src/stm32f4xx_ll_usb.o
                0x000000000800465e                USB_HC_ReadInterrupt
 .text.USB_HC_Halt
                0x0000000008004680      0x238 ./Drivers/STM32F4xx_HAL_Driver/Src/stm32f4xx_ll_usb.o
                0x0000000008004680                USB_HC_Halt
 .text.USB_StopHost
                0x00000000080048b8      0x10c ./Drivers/STM32F4xx_HAL_Driver/Src/stm32f4xx_ll_usb.o
                0x00000000080048b8                USB_StopHost
 .text.USBH_LL_IncTimer
                0x00000000080049c4       0x24 ./Middlewares/ST/STM32_USB_Host_Library/Core/Src/usbh_core.o
                0x00000000080049c4                USBH_LL_IncTimer
 .text.USBH_HandleSof
                0x00000000080049e8       0x30 ./Middlewares/ST/STM32_USB_Host_Library/Core/Src/usbh_core.o
 .text.USBH_LL_PortEnabled
                0x0000000008004a18       0x1c ./Middlewares/ST/STM32_USB_Host_Library/Core/Src/usbh_core.o
                0x0000000008004a18                USBH_LL_PortEnabled
 .text.USBH_LL_PortDisabled
                0x0000000008004a34       0x1c ./Middlewares/ST/STM32_USB_Host_Library/Core/Src/usbh_core.o
                0x0000000008004a34                USBH_LL_PortDisabled
 .text.USBH_LL_Connect
                0x0000000008004a50       0x2e ./Middlewares/ST/STM32_USB_Host_Library/Core/Src/usbh_core.o
                0x0000000008004a50                USBH_LL_Connect
 .text.USBH_LL_Disconnect
                0x0000000008004a7e       0x48 ./Middlewares/ST/STM32_USB_Host_Library/Core/Src/usbh_core.o
                0x0000000008004a7e                USBH_LL_Disconnect
 .text.USBH_FreePipe
                0x0000000008004ac6       0x3c ./Middlewares/ST/STM32_USB_Host_Library/Core/Src/usbh_pipes.o
                0x0000000008004ac6                USBH_FreePipe
 .text.HAL_HCD_SOF_Callback
                0x0000000008004b02       0x1c ./USB_HOST/Target/usbh_conf.o
                0x0000000008004b02                HAL_HCD_SOF_Callback
 .text.HAL_HCD_Connect_Callback
                0x0000000008004b1e       0x1c ./USB_HOST/Target/usbh_conf.o
                0x0000000008004b1e                HAL_HCD_Connect_Callback
 .text.HAL_HCD_Disconnect_Callback
                0x0000000008004b3a       0x1c ./USB_HOST/Target/usbh_conf.o
                0x0000000008004b3a                HAL_HCD_Disconnect_Callback
 .text.HAL_HCD_HC_NotifyURBChange_Callback
                0x0000000008004b56       0x1c ./USB_HOST/Target/usbh_conf.o
                0x0000000008004b56                HAL_HCD_HC_NotifyURBChange_Callback
 .text.HAL_HCD_PortEnabled_Callback
                0x0000000008004b72       0x1c ./USB_HOST/Target/usbh_conf.o
                0x0000000008004b72                HAL_HCD_PortEnabled_Callback
 .text.HAL_HCD_PortDisabled_Callback
                0x0000000008004b8e       0x1c ./USB_HOST/Target/usbh_conf.o
                0x0000000008004b8e                HAL_HCD_PortDisabled_Callback
 .text.USBH_LL_Stop
                0x0000000008004baa       0x36 ./USB_HOST/Target/usbh_conf.o
                0x0000000008004baa                USBH_LL_Stop
 .text.USBH_Get_USB_Status
                0x0000000008004be0       0x58 ./USB_HOST/Target/usbh_conf.o
                0x0000000008004be0                USBH_Get_USB_Status
 .text.__libc_init_array
                0x0000000008004c38       0x48 /Applications/STM32CubeIDE.app/Contents/Eclipse/plugins/com.st.stm32cube.ide.mcu.externaltools.gnu-tools-for-stm32.9-2020-q2-update.macos64_2.0.0.202105311346/tools/bin/../lib/gcc/arm-none-eabi/9.3.1/../../../../arm-none-eabi/lib/thumb/v7e-m+fp/hard/libc_nano.a(lib_a-init.o)
                0x0000000008004c38                __libc_init_array
 .text.memset   0x0000000008004c80       0x10 /Applications/STM32CubeIDE.app/Contents/Eclipse/plugins/com.st.stm32cube.ide.mcu.externaltools.gnu-tools-for-stm32.9-2020-q2-update.macos64_2.0.0.202105311346/tools/bin/../lib/gcc/arm-none-eabi/9.3.1/../../../../arm-none-eabi/lib/thumb/v7e-m+fp/hard/libc_nano.a(lib_a-memset.o)
                0x0000000008004c80                memset
 .text.strncat  0x0000000008004c90       0x26 /Applications/STM32CubeIDE.app/Contents/Eclipse/plugins/com.st.stm32cube.ide.mcu.externaltools.gnu-tools-for-stm32.9-2020-q2-update.macos64_2.0.0.202105311346/tools/bin/../lib/gcc/arm-none-eabi/9.3.1/../../../../arm-none-eabi/lib/thumb/v7e-m+fp/hard/libc_nano.a(lib_a-strncat.o)
                0x0000000008004c90                strncat
 *(.glue_7)
 .glue_7        0x0000000008004cb6        0x0 linker stubs
 *(.glue_7t)
 .glue_7t       0x0000000008004cb6        0x0 linker stubs
 *(.eh_frame)
 *fill*         0x0000000008004cb6        0x2 
 .eh_frame      0x0000000008004cb8        0x0 /Applications/STM32CubeIDE.app/Contents/Eclipse/plugins/com.st.stm32cube.ide.mcu.externaltools.gnu-tools-for-stm32.9-2020-q2-update.macos64_2.0.0.202105311346/tools/bin/../lib/gcc/arm-none-eabi/9.3.1/thumb/v7e-m+fp/hard/crtbegin.o
 *(.init)
 .init          0x0000000008004cb8        0x4 /Applications/STM32CubeIDE.app/Contents/Eclipse/plugins/com.st.stm32cube.ide.mcu.externaltools.gnu-tools-for-stm32.9-2020-q2-update.macos64_2.0.0.202105311346/tools/bin/../lib/gcc/arm-none-eabi/9.3.1/thumb/v7e-m+fp/hard/crti.o
                0x0000000008004cb8                _init
 .init          0x0000000008004cbc        0x8 /Applications/STM32CubeIDE.app/Contents/Eclipse/plugins/com.st.stm32cube.ide.mcu.externaltools.gnu-tools-for-stm32.9-2020-q2-update.macos64_2.0.0.202105311346/tools/bin/../lib/gcc/arm-none-eabi/9.3.1/thumb/v7e-m+fp/hard/crtn.o
 *(.fini)
 .fini          0x0000000008004cc4        0x4 /Applications/STM32CubeIDE.app/Contents/Eclipse/plugins/com.st.stm32cube.ide.mcu.externaltools.gnu-tools-for-stm32.9-2020-q2-update.macos64_2.0.0.202105311346/tools/bin/../lib/gcc/arm-none-eabi/9.3.1/thumb/v7e-m+fp/hard/crti.o
                0x0000000008004cc4                _fini
 .fini          0x0000000008004cc8        0x8 /Applications/STM32CubeIDE.app/Contents/Eclipse/plugins/com.st.stm32cube.ide.mcu.externaltools.gnu-tools-for-stm32.9-2020-q2-update.macos64_2.0.0.202105311346/tools/bin/../lib/gcc/arm-none-eabi/9.3.1/thumb/v7e-m+fp/hard/crtn.o
                0x0000000008004cd0                . = ALIGN (0x4)
                0x0000000008004cd0                _etext = .

.vfp11_veneer   0x0000000008004cd0        0x0
 .vfp11_veneer  0x0000000008004cd0        0x0 linker stubs

.v4_bx          0x0000000008004cd0        0x0
 .v4_bx         0x0000000008004cd0        0x0 linker stubs

.iplt           0x0000000008004cd0        0x0
 .iplt          0x0000000008004cd0        0x0 /Applications/STM32CubeIDE.app/Contents/Eclipse/plugins/com.st.stm32cube.ide.mcu.externaltools.gnu-tools-for-stm32.9-2020-q2-update.macos64_2.0.0.202105311346/tools/bin/../lib/gcc/arm-none-eabi/9.3.1/thumb/v7e-m+fp/hard/crtbegin.o

.rodata         0x0000000008004cd0       0x1c
                0x0000000008004cd0                . = ALIGN (0x4)
 *(.rodata)
 .rodata        0x0000000008004cd0        0xa ./Core/Src/ledbar.o
 *(.rodata*)
 *fill*         0x0000000008004cda        0x2 
 .rodata.AHBPrescTable
                0x0000000008004cdc       0x10 ./Core/Src/system_stm32f4xx.o
                0x0000000008004cdc                AHBPrescTable
                0x0000000008004cec                . = ALIGN (0x4)

.ARM.extab      0x0000000008004cec        0x0
                0x0000000008004cec                . = ALIGN (0x4)
 *(.ARM.extab* .gnu.linkonce.armextab.*)
                0x0000000008004cec                . = ALIGN (0x4)

.ARM            0x0000000008004cec        0x8
                0x0000000008004cec                . = ALIGN (0x4)
                0x0000000008004cec                __exidx_start = .
 *(.ARM.exidx*)
 .ARM.exidx     0x0000000008004cec        0x8 /Applications/STM32CubeIDE.app/Contents/Eclipse/plugins/com.st.stm32cube.ide.mcu.externaltools.gnu-tools-for-stm32.9-2020-q2-update.macos64_2.0.0.202105311346/tools/bin/../lib/gcc/arm-none-eabi/9.3.1/thumb/v7e-m+fp/hard/libgcc.a(_udivmoddi4.o)
                0x0000000008004cf4                __exidx_end = .
                0x0000000008004cf4                . = ALIGN (0x4)

.rel.dyn        0x0000000008004cf4        0x0
 .rel.iplt      0x0000000008004cf4        0x0 /Applications/STM32CubeIDE.app/Contents/Eclipse/plugins/com.st.stm32cube.ide.mcu.externaltools.gnu-tools-for-stm32.9-2020-q2-update.macos64_2.0.0.202105311346/tools/bin/../lib/gcc/arm-none-eabi/9.3.1/thumb/v7e-m+fp/hard/crtbegin.o

.preinit_array  0x0000000008004cf4        0x0
                0x0000000008004cf4                . = ALIGN (0x4)
                0x0000000008004cf4                PROVIDE (__preinit_array_start = .)
 *(.preinit_array*)
                0x0000000008004cf4                PROVIDE (__preinit_array_end = .)
                0x0000000008004cf4                . = ALIGN (0x4)

.init_array     0x0000000008004cf4        0x4
                0x0000000008004cf4                . = ALIGN (0x4)
                0x0000000008004cf4                PROVIDE (__init_array_start = .)
 *(SORT_BY_NAME(.init_array.*))
 *(.init_array*)
 .init_array    0x0000000008004cf4        0x4 /Applications/STM32CubeIDE.app/Contents/Eclipse/plugins/com.st.stm32cube.ide.mcu.externaltools.gnu-tools-for-stm32.9-2020-q2-update.macos64_2.0.0.202105311346/tools/bin/../lib/gcc/arm-none-eabi/9.3.1/thumb/v7e-m+fp/hard/crtbegin.o
                0x0000000008004cf8                PROVIDE (__init_array_end = .)
                0x0000000008004cf8                . = ALIGN (0x4)

.fini_array     0x0000000008004cf8        0x4
                0x0000000008004cf8                . = ALIGN (0x4)
                [!provide]                        PROVIDE (__fini_array_start = .)
 *(SORT_BY_NAME(.fini_array.*))
 *(.fini_array*)
 .fini_array    0x0000000008004cf8        0x4 /Applications/STM32CubeIDE.app/Contents/Eclipse/plugins/com.st.stm32cube.ide.mcu.externaltools.gnu-tools-for-stm32.9-2020-q2-update.macos64_2.0.0.202105311346/tools/bin/../lib/gcc/arm-none-eabi/9.3.1/thumb/v7e-m+fp/hard/crtbegin.o
                [!provide]                        PROVIDE (__fini_array_end = .)
                0x0000000008004cfc                . = ALIGN (0x4)
                0x0000000008004cfc                _sidata = LOADADDR (.data)

.data           0x0000000020000000       0x5c load address 0x0000000008004cfc
                0x0000000020000000                . = ALIGN (0x4)
                0x0000000020000000                _sdata = .
 *(.data)
 *(.data*)
 .data.lastTimeUpdated
                0x0000000020000000        0x8 ./Core/Src/buttons_comb.o
                0x0000000020000000                lastTimeUpdated
 .data.rc522State
                0x0000000020000008        0x1 ./Core/Src/main.o
                0x0000000020000008                rc522State
 *fill*         0x0000000020000009        0x3 
 .data.validID_1
                0x000000002000000c        0x5 ./Core/Src/main.o
                0x000000002000000c                validID_1
 *fill*         0x0000000020000011        0x3 
 .data.validID_2
                0x0000000020000014        0x5 ./Core/Src/main.o
                0x0000000020000014                validID_2
 *fill*         0x0000000020000019        0x7 
 .data.rfidLastTimeValidated
                0x0000000020000020        0x8 ./Core/Src/main.o
                0x0000000020000020                rfidLastTimeValidated
 .data.validPassword_1
                0x0000000020000028        0x9 ./Core/Src/main.o
                0x0000000020000028                validPassword_1
 *fill*         0x0000000020000031        0x3 
 .data.validPassword_2
                0x0000000020000034        0x9 ./Core/Src/main.o
                0x0000000020000034                validPassword_2
 *fill*         0x000000002000003d        0x3 
 .data.keypadLastTimeValidated
                0x0000000020000040        0x8 ./Core/Src/main.o
                0x0000000020000040                keypadLastTimeValidated
 .data.c        0x0000000020000048        0x1 ./Core/Src/main.o
                0x0000000020000048                c
 *fill*         0x0000000020000049        0x3 
 .data.validButtonsComb
                0x000000002000004c        0x4 ./Core/Src/main.o
                0x000000002000004c                validButtonsComb
 .data.SystemCoreClock
                0x0000000020000050        0x4 ./Core/Src/system_stm32f4xx.o
                0x0000000020000050                SystemCoreClock
 .data.uwTickPrio
                0x0000000020000054        0x4 ./Drivers/STM32F4xx_HAL_Driver/Src/stm32f4xx_hal.o
                0x0000000020000054                uwTickPrio
 .data.uwTickFreq
                0x0000000020000058        0x1 ./Drivers/STM32F4xx_HAL_Driver/Src/stm32f4xx_hal.o
                0x0000000020000058                uwTickFreq
 *(.RamFunc)
 *(.RamFunc*)
                0x000000002000005c                . = ALIGN (0x4)
 *fill*         0x0000000020000059        0x3 
                0x000000002000005c                _edata = .
                0x0000000008004d58                _siccmram = LOADADDR (.ccmram)

.igot.plt       0x000000002000005c        0x0 load address 0x0000000008004d58
 .igot.plt      0x000000002000005c        0x0 /Applications/STM32CubeIDE.app/Contents/Eclipse/plugins/com.st.stm32cube.ide.mcu.externaltools.gnu-tools-for-stm32.9-2020-q2-update.macos64_2.0.0.202105311346/tools/bin/../lib/gcc/arm-none-eabi/9.3.1/thumb/v7e-m+fp/hard/crtbegin.o

.ccmram         0x0000000010000000        0x0 load address 0x0000000008004d58
                0x0000000010000000                . = ALIGN (0x4)
                0x0000000010000000                _sccmram = .
 *(.ccmram)
 *(.ccmram*)
                0x0000000010000000                . = ALIGN (0x4)
                0x0000000010000000                _eccmram = .
                0x0000000010000000                . = ALIGN (0x4)

.bss            0x000000002000005c      0x43c
                0x000000002000005c                _sbss = .
                0x000000002000005c                __bss_start__ = _sbss
 *(.bss)
 .bss           0x000000002000005c       0x1c /Applications/STM32CubeIDE.app/Contents/Eclipse/plugins/com.st.stm32cube.ide.mcu.externaltools.gnu-tools-for-stm32.9-2020-q2-update.macos64_2.0.0.202105311346/tools/bin/../lib/gcc/arm-none-eabi/9.3.1/thumb/v7e-m+fp/hard/crtbegin.o
 *(.bss*)
 .bss.bb_led1State
                0x0000000020000078        0x1 ./Core/Src/buttons_comb.o
                0x0000000020000078                bb_led1State
 .bss.bb_led2State
                0x0000000020000079        0x1 ./Core/Src/buttons_comb.o
                0x0000000020000079                bb_led2State
 .bss.bb_led3State
                0x000000002000007a        0x1 ./Core/Src/buttons_comb.o
                0x000000002000007a                bb_led3State
 .bss.bb_led4State
                0x000000002000007b        0x1 ./Core/Src/buttons_comb.o
                0x000000002000007b                bb_led4State
 .bss.rfidLockState
                0x000000002000007c        0x1 ./Core/Src/main.o
                0x000000002000007c                rfidLockState
 .bss.keypadLockState
                0x000000002000007d        0x1 ./Core/Src/main.o
                0x000000002000007d                keypadLockState
 *fill*         0x000000002000007e        0x2 
 .bss.buttonsCombInput
                0x0000000020000080        0x4 ./Core/Src/main.o
                0x0000000020000080                buttonsCombInput
 .bss.buttonsCombLockState
                0x0000000020000084        0x1 ./Core/Src/main.o
                0x0000000020000084                buttonsCombLockState
 .bss.PIRSensorState
                0x0000000020000085        0x1 ./Core/Src/main.o
                0x0000000020000085                PIRSensorState
 *(COMMON)
 *fill*         0x0000000020000086        0x2 
 COMMON         0x0000000020000088      0x108 ./Core/Src/main.o
                0x0000000020000088                hi2c1
                0x00000000200000dc                passwordInput
                0x00000000200000e8                cardID
                0x00000000200000f0                hspi1
                0x0000000020000148                hi2s3
 COMMON         0x0000000020000190        0x4 ./Drivers/STM32F4xx_HAL_Driver/Src/stm32f4xx_hal.o
                0x0000000020000190                uwTick
 COMMON         0x0000000020000194      0x304 ./USB_HOST/Target/usbh_conf.o
                0x0000000020000194                hhcd_USB_OTG_FS
                0x0000000020000498                . = ALIGN (0x4)
                0x0000000020000498                _ebss = .
                0x0000000020000498                __bss_end__ = _ebss

._user_heap_stack
                0x0000000020000498      0x600
                0x0000000020000498                . = ALIGN (0x8)
                [!provide]                        PROVIDE (end = .)
                0x0000000020000498                PROVIDE (_end = .)
                0x0000000020000698                . = (. + _Min_Heap_Size)
 *fill*         0x0000000020000498      0x200 
                0x0000000020000a98                . = (. + _Min_Stack_Size)
 *fill*         0x0000000020000698      0x400 
                0x0000000020000a98                . = ALIGN (0x8)

/DISCARD/
 libc.a(*)
 libm.a(*)
 libgcc.a(*)

.ARM.attributes
                0x0000000000000000       0x30
 *(.ARM.attributes)
 .ARM.attributes
                0x0000000000000000       0x1e /Applications/STM32CubeIDE.app/Contents/Eclipse/plugins/com.st.stm32cube.ide.mcu.externaltools.gnu-tools-for-stm32.9-2020-q2-update.macos64_2.0.0.202105311346/tools/bin/../lib/gcc/arm-none-eabi/9.3.1/thumb/v7e-m+fp/hard/crti.o
 .ARM.attributes
                0x000000000000001e       0x34 /Applications/STM32CubeIDE.app/Contents/Eclipse/plugins/com.st.stm32cube.ide.mcu.externaltools.gnu-tools-for-stm32.9-2020-q2-update.macos64_2.0.0.202105311346/tools/bin/../lib/gcc/arm-none-eabi/9.3.1/thumb/v7e-m+fp/hard/crtbegin.o
 .ARM.attributes
                0x0000000000000052       0x34 ./Core/Src/buttons_comb.o
 .ARM.attributes
                0x0000000000000086       0x34 ./Core/Src/keypad.o
 .ARM.attributes
                0x00000000000000ba       0x34 ./Core/Src/ledbar.o
 .ARM.attributes
                0x00000000000000ee       0x34 ./Core/Src/main.o
 .ARM.attributes
                0x0000000000000122       0x34 ./Core/Src/rc522.o
 .ARM.attributes
                0x0000000000000156       0x34 ./Core/Src/stm32f4xx_hal_msp.o
 .ARM.attributes
                0x000000000000018a       0x34 ./Core/Src/stm32f4xx_it.o
 .ARM.attributes
                0x00000000000001be       0x34 ./Core/Src/system_stm32f4xx.o
 .ARM.attributes
                0x00000000000001f2       0x21 ./Core/Startup/startup_stm32f407vgtx.o
 .ARM.attributes
                0x0000000000000213       0x34 ./Drivers/STM32F4xx_HAL_Driver/Src/stm32f4xx_hal.o
 .ARM.attributes
                0x0000000000000247       0x34 ./Drivers/STM32F4xx_HAL_Driver/Src/stm32f4xx_hal_cortex.o
 .ARM.attributes
                0x000000000000027b       0x34 ./Drivers/STM32F4xx_HAL_Driver/Src/stm32f4xx_hal_gpio.o
 .ARM.attributes
                0x00000000000002af       0x34 ./Drivers/STM32F4xx_HAL_Driver/Src/stm32f4xx_hal_hcd.o
 .ARM.attributes
                0x00000000000002e3       0x34 ./Drivers/STM32F4xx_HAL_Driver/Src/stm32f4xx_hal_rcc.o
 .ARM.attributes
                0x0000000000000317       0x34 ./Drivers/STM32F4xx_HAL_Driver/Src/stm32f4xx_hal_spi.o
 .ARM.attributes
                0x000000000000034b       0x34 ./Drivers/STM32F4xx_HAL_Driver/Src/stm32f4xx_ll_usb.o
 .ARM.attributes
                0x000000000000037f       0x34 ./Middlewares/ST/STM32_USB_Host_Library/Core/Src/usbh_core.o
 .ARM.attributes
                0x00000000000003b3       0x34 ./Middlewares/ST/STM32_USB_Host_Library/Core/Src/usbh_pipes.o
 .ARM.attributes
                0x00000000000003e7       0x34 ./USB_HOST/Target/usbh_conf.o
 .ARM.attributes
                0x000000000000041b       0x34 /Applications/STM32CubeIDE.app/Contents/Eclipse/plugins/com.st.stm32cube.ide.mcu.externaltools.gnu-tools-for-stm32.9-2020-q2-update.macos64_2.0.0.202105311346/tools/bin/../lib/gcc/arm-none-eabi/9.3.1/../../../../arm-none-eabi/lib/thumb/v7e-m+fp/hard/libc_nano.a(lib_a-init.o)
 .ARM.attributes
                0x000000000000044f       0x34 /Applications/STM32CubeIDE.app/Contents/Eclipse/plugins/com.st.stm32cube.ide.mcu.externaltools.gnu-tools-for-stm32.9-2020-q2-update.macos64_2.0.0.202105311346/tools/bin/../lib/gcc/arm-none-eabi/9.3.1/../../../../arm-none-eabi/lib/thumb/v7e-m+fp/hard/libc_nano.a(lib_a-memset.o)
 .ARM.attributes
                0x0000000000000483       0x1c /Applications/STM32CubeIDE.app/Contents/Eclipse/plugins/com.st.stm32cube.ide.mcu.externaltools.gnu-tools-for-stm32.9-2020-q2-update.macos64_2.0.0.202105311346/tools/bin/../lib/gcc/arm-none-eabi/9.3.1/../../../../arm-none-eabi/lib/thumb/v7e-m+fp/hard/libc_nano.a(lib_a-strcmp.o)
 .ARM.attributes
                0x000000000000049f       0x17 /Applications/STM32CubeIDE.app/Contents/Eclipse/plugins/com.st.stm32cube.ide.mcu.externaltools.gnu-tools-for-stm32.9-2020-q2-update.macos64_2.0.0.202105311346/tools/bin/../lib/gcc/arm-none-eabi/9.3.1/../../../../arm-none-eabi/lib/thumb/v7e-m+fp/hard/libc_nano.a(lib_a-strlen.o)
 .ARM.attributes
                0x00000000000004b6       0x34 /Applications/STM32CubeIDE.app/Contents/Eclipse/plugins/com.st.stm32cube.ide.mcu.externaltools.gnu-tools-for-stm32.9-2020-q2-update.macos64_2.0.0.202105311346/tools/bin/../lib/gcc/arm-none-eabi/9.3.1/../../../../arm-none-eabi/lib/thumb/v7e-m+fp/hard/libc_nano.a(lib_a-strncat.o)
 .ARM.attributes
                0x00000000000004ea       0x1e /Applications/STM32CubeIDE.app/Contents/Eclipse/plugins/com.st.stm32cube.ide.mcu.externaltools.gnu-tools-for-stm32.9-2020-q2-update.macos64_2.0.0.202105311346/tools/bin/../lib/gcc/arm-none-eabi/9.3.1/thumb/v7e-m+fp/hard/libgcc.a(_aeabi_uldivmod.o)
 .ARM.attributes
                0x0000000000000508       0x34 /Applications/STM32CubeIDE.app/Contents/Eclipse/plugins/com.st.stm32cube.ide.mcu.externaltools.gnu-tools-for-stm32.9-2020-q2-update.macos64_2.0.0.202105311346/tools/bin/../lib/gcc/arm-none-eabi/9.3.1/thumb/v7e-m+fp/hard/libgcc.a(_udivmoddi4.o)
 .ARM.attributes
                0x000000000000053c       0x1e /Applications/STM32CubeIDE.app/Contents/Eclipse/plugins/com.st.stm32cube.ide.mcu.externaltools.gnu-tools-for-stm32.9-2020-q2-update.macos64_2.0.0.202105311346/tools/bin/../lib/gcc/arm-none-eabi/9.3.1/thumb/v7e-m+fp/hard/libgcc.a(_dvmd_tls.o)
 .ARM.attributes
                0x000000000000055a       0x1e /Applications/STM32CubeIDE.app/Contents/Eclipse/plugins/com.st.stm32cube.ide.mcu.externaltools.gnu-tools-for-stm32.9-2020-q2-update.macos64_2.0.0.202105311346/tools/bin/../lib/gcc/arm-none-eabi/9.3.1/thumb/v7e-m+fp/hard/crtn.o
OUTPUT(vgrs-security-sysyem-stm32f4.elf elf32-littlearm)
LOAD linker stubs
LOAD /Applications/STM32CubeIDE.app/Contents/Eclipse/plugins/com.st.stm32cube.ide.mcu.externaltools.gnu-tools-for-stm32.9-2020-q2-update.macos64_2.0.0.202105311346/tools/bin/../lib/gcc/arm-none-eabi/9.3.1/../../../../arm-none-eabi/lib/thumb/v7e-m+fp/hard/libc.a
LOAD /Applications/STM32CubeIDE.app/Contents/Eclipse/plugins/com.st.stm32cube.ide.mcu.externaltools.gnu-tools-for-stm32.9-2020-q2-update.macos64_2.0.0.202105311346/tools/bin/../lib/gcc/arm-none-eabi/9.3.1/../../../../arm-none-eabi/lib/thumb/v7e-m+fp/hard/libm.a
LOAD /Applications/STM32CubeIDE.app/Contents/Eclipse/plugins/com.st.stm32cube.ide.mcu.externaltools.gnu-tools-for-stm32.9-2020-q2-update.macos64_2.0.0.202105311346/tools/bin/../lib/gcc/arm-none-eabi/9.3.1/thumb/v7e-m+fp/hard/libgcc.a

.debug_info     0x0000000000000000    0x10fd1
 .debug_info    0x0000000000000000      0x380 ./Core/Src/buttons_comb.o
 .debug_info    0x0000000000000380      0x27b ./Core/Src/keypad.o
 .debug_info    0x00000000000005fb      0x2de ./Core/Src/ledbar.o
 .debug_info    0x00000000000008d9     0x1e8e ./Core/Src/main.o
 .debug_info    0x0000000000002767      0xe16 ./Core/Src/rc522.o
 .debug_info    0x000000000000357d     0x10af ./Core/Src/stm32f4xx_hal_msp.o
 .debug_info    0x000000000000462c      0x729 ./Core/Src/stm32f4xx_it.o
 .debug_info    0x0000000000004d55      0x5a4 ./Core/Src/system_stm32f4xx.o
 .debug_info    0x00000000000052f9       0x22 ./Core/Startup/startup_stm32f407vgtx.o
 .debug_info    0x000000000000531b      0x9b2 ./Drivers/STM32F4xx_HAL_Driver/Src/stm32f4xx_hal.o
 .debug_info    0x0000000000005ccd      0xed7 ./Drivers/STM32F4xx_HAL_Driver/Src/stm32f4xx_hal_cortex.o
 .debug_info    0x0000000000006ba4      0x83e ./Drivers/STM32F4xx_HAL_Driver/Src/stm32f4xx_hal_gpio.o
 .debug_info    0x00000000000073e2      0xf67 ./Drivers/STM32F4xx_HAL_Driver/Src/stm32f4xx_hal_hcd.o
 .debug_info    0x0000000000008349      0x996 ./Drivers/STM32F4xx_HAL_Driver/Src/stm32f4xx_hal_rcc.o
 .debug_info    0x0000000000008cdf     0x17c0 ./Drivers/STM32F4xx_HAL_Driver/Src/stm32f4xx_hal_spi.o
 .debug_info    0x000000000000a49f     0x1ab4 ./Drivers/STM32F4xx_HAL_Driver/Src/stm32f4xx_ll_usb.o
 .debug_info    0x000000000000bf53     0x1815 ./Middlewares/ST/STM32_USB_Host_Library/Core/Src/usbh_core.o
 .debug_info    0x000000000000d768     0x1457 ./Middlewares/ST/STM32_USB_Host_Library/Core/Src/usbh_pipes.o
 .debug_info    0x000000000000ebbf     0x2412 ./USB_HOST/Target/usbh_conf.o

.debug_abbrev   0x0000000000000000     0x29b0
 .debug_abbrev  0x0000000000000000      0x15d ./Core/Src/buttons_comb.o
 .debug_abbrev  0x000000000000015d       0xfa ./Core/Src/keypad.o
 .debug_abbrev  0x0000000000000257      0x16a ./Core/Src/ledbar.o
 .debug_abbrev  0x00000000000003c1      0x362 ./Core/Src/main.o
 .debug_abbrev  0x0000000000000723      0x26a ./Core/Src/rc522.o
 .debug_abbrev  0x000000000000098d      0x1d9 ./Core/Src/stm32f4xx_hal_msp.o
 .debug_abbrev  0x0000000000000b66      0x184 ./Core/Src/stm32f4xx_it.o
 .debug_abbrev  0x0000000000000cea      0x145 ./Core/Src/system_stm32f4xx.o
 .debug_abbrev  0x0000000000000e2f       0x12 ./Core/Startup/startup_stm32f407vgtx.o
 .debug_abbrev  0x0000000000000e41      0x1ed ./Drivers/STM32F4xx_HAL_Driver/Src/stm32f4xx_hal.o
 .debug_abbrev  0x000000000000102e      0x33c ./Drivers/STM32F4xx_HAL_Driver/Src/stm32f4xx_hal_cortex.o
 .debug_abbrev  0x000000000000136a      0x1f1 ./Drivers/STM32F4xx_HAL_Driver/Src/stm32f4xx_hal_gpio.o
 .debug_abbrev  0x000000000000155b      0x28d ./Drivers/STM32F4xx_HAL_Driver/Src/stm32f4xx_hal_hcd.o
 .debug_abbrev  0x00000000000017e8      0x275 ./Drivers/STM32F4xx_HAL_Driver/Src/stm32f4xx_hal_rcc.o
 .debug_abbrev  0x0000000000001a5d      0x26e ./Drivers/STM32F4xx_HAL_Driver/Src/stm32f4xx_hal_spi.o
 .debug_abbrev  0x0000000000001ccb      0x2a7 ./Drivers/STM32F4xx_HAL_Driver/Src/stm32f4xx_ll_usb.o
 .debug_abbrev  0x0000000000001f72      0x3b4 ./Middlewares/ST/STM32_USB_Host_Library/Core/Src/usbh_core.o
 .debug_abbrev  0x0000000000002326      0x2f3 ./Middlewares/ST/STM32_USB_Host_Library/Core/Src/usbh_pipes.o
 .debug_abbrev  0x0000000000002619      0x397 ./USB_HOST/Target/usbh_conf.o

.debug_aranges  0x0000000000000000      0xbe0
 .debug_aranges
                0x0000000000000000       0x28 ./Core/Src/buttons_comb.o
 .debug_aranges
                0x0000000000000028       0x20 ./Core/Src/keypad.o
 .debug_aranges
                0x0000000000000048       0x28 ./Core/Src/ledbar.o
 .debug_aranges
                0x0000000000000070       0x80 ./Core/Src/main.o
 .debug_aranges
                0x00000000000000f0       0xc8 ./Core/Src/rc522.o
 .debug_aranges
                0x00000000000001b8       0x50 ./Core/Src/stm32f4xx_hal_msp.o
 .debug_aranges
                0x0000000000000208       0x68 ./Core/Src/stm32f4xx_it.o
 .debug_aranges
                0x0000000000000270       0x28 ./Core/Src/system_stm32f4xx.o
 .debug_aranges
                0x0000000000000298       0x28 ./Core/Startup/startup_stm32f407vgtx.o
 .debug_aranges
                0x00000000000002c0       0xf0 ./Drivers/STM32F4xx_HAL_Driver/Src/stm32f4xx_hal.o
 .debug_aranges
                0x00000000000003b0      0x118 ./Drivers/STM32F4xx_HAL_Driver/Src/stm32f4xx_hal_cortex.o
 .debug_aranges
                0x00000000000004c8       0x58 ./Drivers/STM32F4xx_HAL_Driver/Src/stm32f4xx_hal_gpio.o
 .debug_aranges
                0x0000000000000520       0xf8 ./Drivers/STM32F4xx_HAL_Driver/Src/stm32f4xx_hal_hcd.o
 .debug_aranges
                0x0000000000000618       0x88 ./Drivers/STM32F4xx_HAL_Driver/Src/stm32f4xx_hal_rcc.o
 .debug_aranges
                0x00000000000006a0      0x1d0 ./Drivers/STM32F4xx_HAL_Driver/Src/stm32f4xx_hal_spi.o
 .debug_aranges
                0x0000000000000870      0x198 ./Drivers/STM32F4xx_HAL_Driver/Src/stm32f4xx_ll_usb.o
 .debug_aranges
                0x0000000000000a08       0xc0 ./Middlewares/ST/STM32_USB_Host_Library/Core/Src/usbh_core.o
 .debug_aranges
                0x0000000000000ac8       0x40 ./Middlewares/ST/STM32_USB_Host_Library/Core/Src/usbh_pipes.o
 .debug_aranges
                0x0000000000000b08       0xd8 ./USB_HOST/Target/usbh_conf.o

.debug_ranges   0x0000000000000000      0xab8
 .debug_ranges  0x0000000000000000       0x18 ./Core/Src/buttons_comb.o
 .debug_ranges  0x0000000000000018       0x10 ./Core/Src/keypad.o
 .debug_ranges  0x0000000000000028       0x18 ./Core/Src/ledbar.o
 .debug_ranges  0x0000000000000040       0x70 ./Core/Src/main.o
 .debug_ranges  0x00000000000000b0       0xb8 ./Core/Src/rc522.o
 .debug_ranges  0x0000000000000168       0x40 ./Core/Src/stm32f4xx_hal_msp.o
 .debug_ranges  0x00000000000001a8       0x58 ./Core/Src/stm32f4xx_it.o
 .debug_ranges  0x0000000000000200       0x18 ./Core/Src/system_stm32f4xx.o
 .debug_ranges  0x0000000000000218       0x20 ./Core/Startup/startup_stm32f407vgtx.o
 .debug_ranges  0x0000000000000238       0xe0 ./Drivers/STM32F4xx_HAL_Driver/Src/stm32f4xx_hal.o
 .debug_ranges  0x0000000000000318      0x108 ./Drivers/STM32F4xx_HAL_Driver/Src/stm32f4xx_hal_cortex.o
 .debug_ranges  0x0000000000000420       0x48 ./Drivers/STM32F4xx_HAL_Driver/Src/stm32f4xx_hal_gpio.o
 .debug_ranges  0x0000000000000468       0xe8 ./Drivers/STM32F4xx_HAL_Driver/Src/stm32f4xx_hal_hcd.o
 .debug_ranges  0x0000000000000550       0x78 ./Drivers/STM32F4xx_HAL_Driver/Src/stm32f4xx_hal_rcc.o
 .debug_ranges  0x00000000000005c8      0x1c0 ./Drivers/STM32F4xx_HAL_Driver/Src/stm32f4xx_hal_spi.o
 .debug_ranges  0x0000000000000788      0x188 ./Drivers/STM32F4xx_HAL_Driver/Src/stm32f4xx_ll_usb.o
 .debug_ranges  0x0000000000000910       0xb0 ./Middlewares/ST/STM32_USB_Host_Library/Core/Src/usbh_core.o
 .debug_ranges  0x00000000000009c0       0x30 ./Middlewares/ST/STM32_USB_Host_Library/Core/Src/usbh_pipes.o
 .debug_ranges  0x00000000000009f0       0xc8 ./USB_HOST/Target/usbh_conf.o

.debug_macro    0x0000000000000000    0x225b1
 .debug_macro   0x0000000000000000      0x20f ./Core/Src/buttons_comb.o
 .debug_macro   0x000000000000020f      0xaa8 ./Core/Src/buttons_comb.o
 .debug_macro   0x0000000000000cb7      0x2a7 ./Core/Src/buttons_comb.o
 .debug_macro   0x0000000000000f5e       0x2e ./Core/Src/buttons_comb.o
 .debug_macro   0x0000000000000f8c       0x2f ./Core/Src/buttons_comb.o
 .debug_macro   0x0000000000000fbb       0x22 ./Core/Src/buttons_comb.o
 .debug_macro   0x0000000000000fdd       0x8e ./Core/Src/buttons_comb.o
 .debug_macro   0x000000000000106b       0x51 ./Core/Src/buttons_comb.o
 .debug_macro   0x00000000000010bc      0x103 ./Core/Src/buttons_comb.o
 .debug_macro   0x00000000000011bf       0x6a ./Core/Src/buttons_comb.o
 .debug_macro   0x0000000000001229      0x1df ./Core/Src/buttons_comb.o
 .debug_macro   0x0000000000001408       0x1c ./Core/Src/buttons_comb.o
 .debug_macro   0x0000000000001424       0x22 ./Core/Src/buttons_comb.o
 .debug_macro   0x0000000000001446       0xdf ./Core/Src/buttons_comb.o
 .debug_macro   0x0000000000001525     0x102d ./Core/Src/buttons_comb.o
 .debug_macro   0x0000000000002552      0x11f ./Core/Src/buttons_comb.o
 .debug_macro   0x0000000000002671    0x15e58 ./Core/Src/buttons_comb.o
 .debug_macro   0x00000000000184c9       0x6d ./Core/Src/buttons_comb.o
 .debug_macro   0x0000000000018536     0x3666 ./Core/Src/buttons_comb.o
 .debug_macro   0x000000000001bb9c      0x174 ./Core/Src/buttons_comb.o
 .debug_macro   0x000000000001bd10       0x5c ./Core/Src/buttons_comb.o
 .debug_macro   0x000000000001bd6c      0x96b ./Core/Src/buttons_comb.o
 .debug_macro   0x000000000001c6d7      0x9fe ./Core/Src/buttons_comb.o
 .debug_macro   0x000000000001d0d5      0x116 ./Core/Src/buttons_comb.o
 .debug_macro   0x000000000001d1eb      0x13e ./Core/Src/buttons_comb.o
 .debug_macro   0x000000000001d329       0xa5 ./Core/Src/buttons_comb.o
 .debug_macro   0x000000000001d3ce      0x174 ./Core/Src/buttons_comb.o
 .debug_macro   0x000000000001d542      0x287 ./Core/Src/buttons_comb.o
 .debug_macro   0x000000000001d7c9       0x5f ./Core/Src/buttons_comb.o
 .debug_macro   0x000000000001d828      0x236 ./Core/Src/buttons_comb.o
 .debug_macro   0x000000000001da5e      0x12c ./Core/Src/buttons_comb.o
 .debug_macro   0x000000000001db8a      0x21e ./Core/Src/buttons_comb.o
 .debug_macro   0x000000000001dda8       0x2e ./Core/Src/buttons_comb.o
 .debug_macro   0x000000000001ddd6      0x1b5 ./Core/Src/buttons_comb.o
 .debug_macro   0x000000000001df8b       0xd6 ./Core/Src/buttons_comb.o
 .debug_macro   0x000000000001e061      0x1a7 ./Core/Src/buttons_comb.o
 .debug_macro   0x000000000001e208       0x46 ./Core/Src/buttons_comb.o
 .debug_macro   0x000000000001e24e       0x4a ./Core/Src/buttons_comb.o
 .debug_macro   0x000000000001e298      0x11a ./Core/Src/buttons_comb.o
 .debug_macro   0x000000000001e3b2       0x7e ./Core/Src/buttons_comb.o
 .debug_macro   0x000000000001e430       0x89 ./Core/Src/buttons_comb.o
 .debug_macro   0x000000000001e4b9      0x225 ./Core/Src/buttons_comb.o
 .debug_macro   0x000000000001e6de      0x21e ./Core/Src/buttons_comb.o
 .debug_macro   0x000000000001e8fc       0x7c ./Core/Src/buttons_comb.o
 .debug_macro   0x000000000001e978      0x12d ./Core/Src/buttons_comb.o
 .debug_macro   0x000000000001eaa5       0x46 ./Core/Src/buttons_comb.o
 .debug_macro   0x000000000001eaeb      0x20f ./Core/Src/keypad.o
 .debug_macro   0x000000000001ecfa       0x64 ./Core/Src/keypad.o
 .debug_macro   0x000000000001ed5e      0x20f ./Core/Src/ledbar.o
 .debug_macro   0x000000000001ef6d       0x46 ./Core/Src/ledbar.o
 .debug_macro   0x000000000001efb3      0x3e6 ./Core/Src/main.o
 .debug_macro   0x000000000001f399      0x190 ./Core/Src/main.o
 .debug_macro   0x000000000001f529       0x52 ./Core/Src/main.o
 .debug_macro   0x000000000001f57b       0x18 ./Core/Src/main.o
 .debug_macro   0x000000000001f593       0x3c ./Core/Src/main.o
 .debug_macro   0x000000000001f5cf       0x34 ./Core/Src/main.o
 .debug_macro   0x000000000001f603       0x16 ./Core/Src/main.o
 .debug_macro   0x000000000001f619       0x35 ./Core/Src/main.o
 .debug_macro   0x000000000001f64e      0x333 ./Core/Src/main.o
 .debug_macro   0x000000000001f981       0x10 ./Core/Src/main.o
 .debug_macro   0x000000000001f991       0x16 ./Core/Src/main.o
 .debug_macro   0x000000000001f9a7       0x43 ./Core/Src/main.o
 .debug_macro   0x000000000001f9ea       0x34 ./Core/Src/main.o
 .debug_macro   0x000000000001fa1e       0x10 ./Core/Src/main.o
 .debug_macro   0x000000000001fa2e       0x58 ./Core/Src/main.o
 .debug_macro   0x000000000001fa86       0x71 ./Core/Src/main.o
 .debug_macro   0x000000000001faf7       0x1c ./Core/Src/main.o
 .debug_macro   0x000000000001fb13      0x12a ./Core/Src/main.o
 .debug_macro   0x000000000001fc3d       0x10 ./Core/Src/main.o
 .debug_macro   0x000000000001fc4d       0x1c ./Core/Src/main.o
 .debug_macro   0x000000000001fc69       0x52 ./Core/Src/main.o
 .debug_macro   0x000000000001fcbb       0x22 ./Core/Src/main.o
 .debug_macro   0x000000000001fcdd       0x10 ./Core/Src/main.o
 .debug_macro   0x000000000001fced       0x40 ./Core/Src/main.o
 .debug_macro   0x000000000001fd2d       0xd5 ./Core/Src/main.o
 .debug_macro   0x000000000001fe02       0x1c ./Core/Src/main.o
 .debug_macro   0x000000000001fe1e       0x3d ./Core/Src/main.o
 .debug_macro   0x000000000001fe5b       0x16 ./Core/Src/main.o
 .debug_macro   0x000000000001fe71      0x145 ./Core/Src/main.o
 .debug_macro   0x000000000001ffb6      0x232 ./Core/Src/main.o
 .debug_macro   0x00000000000201e8       0x16 ./Core/Src/main.o
 .debug_macro   0x00000000000201fe       0x20 ./Core/Src/main.o
 .debug_macro   0x000000000002021e      0x20f ./Core/Src/rc522.o
 .debug_macro   0x000000000002042d      0x215 ./Core/Src/stm32f4xx_hal_msp.o
 .debug_macro   0x0000000000020642      0x21f ./Core/Src/stm32f4xx_it.o
 .debug_macro   0x0000000000020861      0x206 ./Core/Src/system_stm32f4xx.o
 .debug_macro   0x0000000000020a67      0x266 ./Drivers/STM32F4xx_HAL_Driver/Src/stm32f4xx_hal.o
 .debug_macro   0x0000000000020ccd      0x206 ./Drivers/STM32F4xx_HAL_Driver/Src/stm32f4xx_hal_cortex.o
 .debug_macro   0x0000000000020ed3      0x20c ./Drivers/STM32F4xx_HAL_Driver/Src/stm32f4xx_hal_gpio.o
 .debug_macro   0x00000000000210df      0x206 ./Drivers/STM32F4xx_HAL_Driver/Src/stm32f4xx_hal_hcd.o
 .debug_macro   0x00000000000212e5      0x22a ./Drivers/STM32F4xx_HAL_Driver/Src/stm32f4xx_hal_rcc.o
 .debug_macro   0x000000000002150f      0x215 ./Drivers/STM32F4xx_HAL_Driver/Src/stm32f4xx_hal_spi.o
 .debug_macro   0x0000000000021724      0x206 ./Drivers/STM32F4xx_HAL_Driver/Src/stm32f4xx_ll_usb.o
 .debug_macro   0x000000000002192a      0x431 ./Middlewares/ST/STM32_USB_Host_Library/Core/Src/usbh_core.o
 .debug_macro   0x0000000000021d5b      0x423 ./Middlewares/ST/STM32_USB_Host_Library/Core/Src/usbh_pipes.o
 .debug_macro   0x000000000002217e      0x433 ./USB_HOST/Target/usbh_conf.o

.debug_line     0x0000000000000000     0xf09e
 .debug_line    0x0000000000000000      0x7e1 ./Core/Src/buttons_comb.o
 .debug_line    0x00000000000007e1      0x8ff ./Core/Src/keypad.o
 .debug_line    0x00000000000010e0      0x7ba ./Core/Src/ledbar.o
 .debug_line    0x000000000000189a      0xde2 ./Core/Src/main.o
 .debug_line    0x000000000000267c      0xd38 ./Core/Src/rc522.o
 .debug_line    0x00000000000033b4      0x863 ./Core/Src/stm32f4xx_hal_msp.o
 .debug_line    0x0000000000003c17      0x82e ./Core/Src/stm32f4xx_it.o
 .debug_line    0x0000000000004445      0x7d5 ./Core/Src/system_stm32f4xx.o
 .debug_line    0x0000000000004c1a       0x88 ./Core/Startup/startup_stm32f407vgtx.o
 .debug_line    0x0000000000004ca2      0xa3b ./Drivers/STM32F4xx_HAL_Driver/Src/stm32f4xx_hal.o
 .debug_line    0x00000000000056dd      0xcea ./Drivers/STM32F4xx_HAL_Driver/Src/stm32f4xx_hal_cortex.o
 .debug_line    0x00000000000063c7      0xbb1 ./Drivers/STM32F4xx_HAL_Driver/Src/stm32f4xx_hal_gpio.o
 .debug_line    0x0000000000006f78     0x1260 ./Drivers/STM32F4xx_HAL_Driver/Src/stm32f4xx_hal_hcd.o
 .debug_line    0x00000000000081d8      0xdb7 ./Drivers/STM32F4xx_HAL_Driver/Src/stm32f4xx_hal_rcc.o
 .debug_line    0x0000000000008f8f     0x1cc3 ./Drivers/STM32F4xx_HAL_Driver/Src/stm32f4xx_hal_spi.o
 .debug_line    0x000000000000ac52     0x19ca ./Drivers/STM32F4xx_HAL_Driver/Src/stm32f4xx_ll_usb.o
 .debug_line    0x000000000000c61c     0x11d0 ./Middlewares/ST/STM32_USB_Host_Library/Core/Src/usbh_core.o
 .debug_line    0x000000000000d7ec      0xaf8 ./Middlewares/ST/STM32_USB_Host_Library/Core/Src/usbh_pipes.o
 .debug_line    0x000000000000e2e4      0xdba ./USB_HOST/Target/usbh_conf.o

.debug_str      0x0000000000000000    0xca2ca
 .debug_str     0x0000000000000000    0xbfb9c ./Core/Src/buttons_comb.o
                                      0xbfe35 (size before relaxing)
 .debug_str     0x00000000000bfb9c      0x120 ./Core/Src/keypad.o
                                      0xbfdb7 (size before relaxing)
 .debug_str     0x00000000000bfcbc       0xf7 ./Core/Src/ledbar.o
                                      0xbfd82 (size before relaxing)
 .debug_str     0x00000000000bfdb3     0x5cea ./Core/Src/main.o
                                      0xc5d73 (size before relaxing)
 .debug_str     0x00000000000c5a9d      0x24e ./Core/Src/rc522.o
                                      0xc0c70 (size before relaxing)
 .debug_str     0x00000000000c5ceb      0x122 ./Core/Src/stm32f4xx_hal_msp.o
                                      0xc0d50 (size before relaxing)
 .debug_str     0x00000000000c5e0d      0x43d ./Core/Src/stm32f4xx_it.o
                                      0xc0792 (size before relaxing)
 .debug_str     0x00000000000c624a       0xaf ./Core/Src/system_stm32f4xx.o
                                      0xbfde0 (size before relaxing)
 .debug_str     0x00000000000c62f9       0x36 ./Core/Startup/startup_stm32f407vgtx.o
                                         0x98 (size before relaxing)
 .debug_str     0x00000000000c632f      0xa54 ./Drivers/STM32F4xx_HAL_Driver/Src/stm32f4xx_hal.o
                                      0xc08c2 (size before relaxing)
 .debug_str     0x00000000000c6d83      0x392 ./Drivers/STM32F4xx_HAL_Driver/Src/stm32f4xx_hal_cortex.o
                                      0xc06b1 (size before relaxing)
 .debug_str     0x00000000000c7115      0x15a ./Drivers/STM32F4xx_HAL_Driver/Src/stm32f4xx_hal_gpio.o
                                      0xbff87 (size before relaxing)
 .debug_str     0x00000000000c726f      0x407 ./Drivers/STM32F4xx_HAL_Driver/Src/stm32f4xx_hal_hcd.o
                                      0xc0491 (size before relaxing)
 .debug_str     0x00000000000c7676      0x259 ./Drivers/STM32F4xx_HAL_Driver/Src/stm32f4xx_hal_rcc.o
                                      0xc01e2 (size before relaxing)
 .debug_str     0x00000000000c78cf      0x579 ./Drivers/STM32F4xx_HAL_Driver/Src/stm32f4xx_hal_spi.o
                                      0xc0684 (size before relaxing)
 .debug_str     0x00000000000c7e48      0x648 ./Drivers/STM32F4xx_HAL_Driver/Src/stm32f4xx_ll_usb.o
                                      0xc0701 (size before relaxing)
 .debug_str     0x00000000000c8490     0x1b94 ./Middlewares/ST/STM32_USB_Host_Library/Core/Src/usbh_core.o
                                      0xc6037 (size before relaxing)
 .debug_str     0x00000000000ca024       0xa0 ./Middlewares/ST/STM32_USB_Host_Library/Core/Src/usbh_pipes.o
                                      0xc5e5b (size before relaxing)
 .debug_str     0x00000000000ca0c4      0x206 ./USB_HOST/Target/usbh_conf.o
                                      0xc6b95 (size before relaxing)

.comment        0x0000000000000000       0x53
 .comment       0x0000000000000000       0x53 ./Core/Src/buttons_comb.o
                                         0x54 (size before relaxing)
 .comment       0x0000000000000053       0x54 ./Core/Src/keypad.o
 .comment       0x0000000000000053       0x54 ./Core/Src/ledbar.o
 .comment       0x0000000000000053       0x54 ./Core/Src/main.o
 .comment       0x0000000000000053       0x54 ./Core/Src/rc522.o
 .comment       0x0000000000000053       0x54 ./Core/Src/stm32f4xx_hal_msp.o
 .comment       0x0000000000000053       0x54 ./Core/Src/stm32f4xx_it.o
 .comment       0x0000000000000053       0x54 ./Core/Src/system_stm32f4xx.o
 .comment       0x0000000000000053       0x54 ./Drivers/STM32F4xx_HAL_Driver/Src/stm32f4xx_hal.o
 .comment       0x0000000000000053       0x54 ./Drivers/STM32F4xx_HAL_Driver/Src/stm32f4xx_hal_cortex.o
 .comment       0x0000000000000053       0x54 ./Drivers/STM32F4xx_HAL_Driver/Src/stm32f4xx_hal_gpio.o
 .comment       0x0000000000000053       0x54 ./Drivers/STM32F4xx_HAL_Driver/Src/stm32f4xx_hal_hcd.o
 .comment       0x0000000000000053       0x54 ./Drivers/STM32F4xx_HAL_Driver/Src/stm32f4xx_hal_rcc.o
 .comment       0x0000000000000053       0x54 ./Drivers/STM32F4xx_HAL_Driver/Src/stm32f4xx_hal_spi.o
 .comment       0x0000000000000053       0x54 ./Drivers/STM32F4xx_HAL_Driver/Src/stm32f4xx_ll_usb.o
 .comment       0x0000000000000053       0x54 ./Middlewares/ST/STM32_USB_Host_Library/Core/Src/usbh_core.o
 .comment       0x0000000000000053       0x54 ./Middlewares/ST/STM32_USB_Host_Library/Core/Src/usbh_pipes.o
 .comment       0x0000000000000053       0x54 ./USB_HOST/Target/usbh_conf.o

.debug_frame    0x0000000000000000     0x3010
 .debug_frame   0x0000000000000000       0x60 ./Core/Src/buttons_comb.o
 .debug_frame   0x0000000000000060       0x2c ./Core/Src/keypad.o
 .debug_frame   0x000000000000008c       0x58 ./Core/Src/ledbar.o
 .debug_frame   0x00000000000000e4      0x1ac ./Core/Src/main.o
 .debug_frame   0x0000000000000290      0x324 ./Core/Src/rc522.o
 .debug_frame   0x00000000000005b4      0x10c ./Core/Src/stm32f4xx_hal_msp.o
 .debug_frame   0x00000000000006c0      0x120 ./Core/Src/stm32f4xx_it.o
 .debug_frame   0x00000000000007e0       0x58 ./Core/Src/system_stm32f4xx.o
 .debug_frame   0x0000000000000838      0x374 ./Drivers/STM32F4xx_HAL_Driver/Src/stm32f4xx_hal.o
 .debug_frame   0x0000000000000bac      0x498 ./Drivers/STM32F4xx_HAL_Driver/Src/stm32f4xx_hal_cortex.o
 .debug_frame   0x0000000000001044      0x14c ./Drivers/STM32F4xx_HAL_Driver/Src/stm32f4xx_hal_gpio.o
 .debug_frame   0x0000000000001190      0x450 ./Drivers/STM32F4xx_HAL_Driver/Src/stm32f4xx_hal_hcd.o
 .debug_frame   0x00000000000015e0      0x1f0 ./Drivers/STM32F4xx_HAL_Driver/Src/stm32f4xx_hal_rcc.o
 .debug_frame   0x00000000000017d0      0x824 ./Drivers/STM32F4xx_HAL_Driver/Src/stm32f4xx_hal_spi.o
 .debug_frame   0x0000000000001ff4      0x798 ./Drivers/STM32F4xx_HAL_Driver/Src/stm32f4xx_ll_usb.o
 .debug_frame   0x000000000000278c      0x338 ./Middlewares/ST/STM32_USB_Host_Library/Core/Src/usbh_core.o
 .debug_frame   0x0000000000002ac4       0xcc ./Middlewares/ST/STM32_USB_Host_Library/Core/Src/usbh_pipes.o
 .debug_frame   0x0000000000002b90      0x388 ./USB_HOST/Target/usbh_conf.o
 .debug_frame   0x0000000000002f18       0x2c /Applications/STM32CubeIDE.app/Contents/Eclipse/plugins/com.st.stm32cube.ide.mcu.externaltools.gnu-tools-for-stm32.9-2020-q2-update.macos64_2.0.0.202105311346/tools/bin/../lib/gcc/arm-none-eabi/9.3.1/../../../../arm-none-eabi/lib/thumb/v7e-m+fp/hard/libc_nano.a(lib_a-init.o)
 .debug_frame   0x0000000000002f44       0x20 /Applications/STM32CubeIDE.app/Contents/Eclipse/plugins/com.st.stm32cube.ide.mcu.externaltools.gnu-tools-for-stm32.9-2020-q2-update.macos64_2.0.0.202105311346/tools/bin/../lib/gcc/arm-none-eabi/9.3.1/../../../../arm-none-eabi/lib/thumb/v7e-m+fp/hard/libc_nano.a(lib_a-memset.o)
 .debug_frame   0x0000000000002f64       0x20 /Applications/STM32CubeIDE.app/Contents/Eclipse/plugins/com.st.stm32cube.ide.mcu.externaltools.gnu-tools-for-stm32.9-2020-q2-update.macos64_2.0.0.202105311346/tools/bin/../lib/gcc/arm-none-eabi/9.3.1/../../../../arm-none-eabi/lib/thumb/v7e-m+fp/hard/libc_nano.a(lib_a-strcmp.o)
 .debug_frame   0x0000000000002f84       0x2c /Applications/STM32CubeIDE.app/Contents/Eclipse/plugins/com.st.stm32cube.ide.mcu.externaltools.gnu-tools-for-stm32.9-2020-q2-update.macos64_2.0.0.202105311346/tools/bin/../lib/gcc/arm-none-eabi/9.3.1/../../../../arm-none-eabi/lib/thumb/v7e-m+fp/hard/libc_nano.a(lib_a-strncat.o)
 .debug_frame   0x0000000000002fb0       0x2c /Applications/STM32CubeIDE.app/Contents/Eclipse/plugins/com.st.stm32cube.ide.mcu.externaltools.gnu-tools-for-stm32.9-2020-q2-update.macos64_2.0.0.202105311346/tools/bin/../lib/gcc/arm-none-eabi/9.3.1/thumb/v7e-m+fp/hard/libgcc.a(_aeabi_uldivmod.o)
 .debug_frame   0x0000000000002fdc       0x34 /Applications/STM32CubeIDE.app/Contents/Eclipse/plugins/com.st.stm32cube.ide.mcu.externaltools.gnu-tools-for-stm32.9-2020-q2-update.macos64_2.0.0.202105311346/tools/bin/../lib/gcc/arm-none-eabi/9.3.1/thumb/v7e-m+fp/hard/libgcc.a(_udivmoddi4.o)
